---
http_interactions:
- request:
    method: get
    uri: https://api.github.com/user/repos?access_token=<GITHUB_API_KEY>&page=1&per_page=5
    body:
      encoding: US-ASCII
      string: ''
    headers:
      User-Agent:
      - Faraday v0.15.4
      Accept-Encoding:
      - gzip;q=1.0,deflate;q=0.6,identity;q=0.3
      Accept:
      - "*/*"
  response:
    status:
      code: 200
      message: OK
    headers:
      Date:
      - Fri, 12 Jul 2019 00:11:55 GMT
      Content-Type:
      - application/json; charset=utf-8
      Transfer-Encoding:
      - chunked
      Server:
      - GitHub.com
      Status:
      - 200 OK
      X-Ratelimit-Limit:
      - '5000'
      X-Ratelimit-Remaining:
      - '4999'
      X-Ratelimit-Reset:
      - '1562893915'
      Cache-Control:
      - private, max-age=60, s-maxage=60
      Vary:
      - Accept, Authorization, Cookie, X-GitHub-OTP
      - Accept-Encoding
      Etag:
      - W/"2cb8a82e98751c79d91daec999a32378"
      X-Oauth-Scopes:
      - ''
      X-Accepted-Oauth-Scopes:
      - ''
      X-Github-Media-Type:
      - github.v3; format=json
      Link:
      - <https://api.github.com/user/repos?access_token=<GITHUB_API_KEY>&page=2&per_page=5>;
        rel="next", <https://api.github.com/user/repos?access_token=<GITHUB_API_KEY>&page=15&per_page=5>;
        rel="last"
      Access-Control-Expose-Headers:
      - ETag, Link, Location, Retry-After, X-GitHub-OTP, X-RateLimit-Limit, X-RateLimit-Remaining,
        X-RateLimit-Reset, X-OAuth-Scopes, X-Accepted-OAuth-Scopes, X-Poll-Interval,
        X-GitHub-Media-Type
      Access-Control-Allow-Origin:
      - "*"
      Strict-Transport-Security:
      - max-age=31536000; includeSubdomains; preload
      X-Frame-Options:
      - deny
      X-Content-Type-Options:
      - nosniff
      X-Xss-Protection:
      - 1; mode=block
      Referrer-Policy:
      - origin-when-cross-origin, strict-origin-when-cross-origin
      Content-Security-Policy:
      - default-src 'none'
      X-Github-Request-Id:
      - E6EF:67B9:298CA7:3D9906:5D27D04A
    body:
      encoding: ASCII-8BIT
      string: '[{"id":194746869,"node_id":"MDEwOlJlcG9zaXRvcnkxOTQ3NDY4Njk=","name":"brownfield-of-dreams","full_name":"chakeresa/brownfield-of-dreams","private":false,"owner":{"login":"chakeresa","id":<GITHUB_UID>,"node_id":"MDQ6VXNlcjQ3MzA5ODYx","avatar_url":"https://avatars2.githubusercontent.com/u/<GITHUB_UID>?v=4","gravatar_id":"","url":"https://api.github.com/users/chakeresa","html_url":"https://github.com/chakeresa","followers_url":"https://api.github.com/users/chakeresa/followers","following_url":"https://api.github.com/users/chakeresa/following{/other_user}","gists_url":"https://api.github.com/users/chakeresa/gists{/gist_id}","starred_url":"https://api.github.com/users/chakeresa/starred{/owner}{/repo}","subscriptions_url":"https://api.github.com/users/chakeresa/subscriptions","organizations_url":"https://api.github.com/users/chakeresa/orgs","repos_url":"https://api.github.com/users/chakeresa/repos","events_url":"https://api.github.com/users/chakeresa/events{/privacy}","received_events_url":"https://api.github.com/users/chakeresa/received_events","type":"User","site_admin":false},"html_url":"https://github.com/chakeresa/brownfield-of-dreams","description":"Rails
        app used for hosting video tutorials and classes. Serves as the base repository
        for a B3 project.","fork":true,"url":"https://api.github.com/repos/chakeresa/brownfield-of-dreams","forks_url":"https://api.github.com/repos/chakeresa/brownfield-of-dreams/forks","keys_url":"https://api.github.com/repos/chakeresa/brownfield-of-dreams/keys{/key_id}","collaborators_url":"https://api.github.com/repos/chakeresa/brownfield-of-dreams/collaborators{/collaborator}","teams_url":"https://api.github.com/repos/chakeresa/brownfield-of-dreams/teams","hooks_url":"https://api.github.com/repos/chakeresa/brownfield-of-dreams/hooks","issue_events_url":"https://api.github.com/repos/chakeresa/brownfield-of-dreams/issues/events{/number}","events_url":"https://api.github.com/repos/chakeresa/brownfield-of-dreams/events","assignees_url":"https://api.github.com/repos/chakeresa/brownfield-of-dreams/assignees{/user}","branches_url":"https://api.github.com/repos/chakeresa/brownfield-of-dreams/branches{/branch}","tags_url":"https://api.github.com/repos/chakeresa/brownfield-of-dreams/tags","blobs_url":"https://api.github.com/repos/chakeresa/brownfield-of-dreams/git/blobs{/sha}","git_tags_url":"https://api.github.com/repos/chakeresa/brownfield-of-dreams/git/tags{/sha}","git_refs_url":"https://api.github.com/repos/chakeresa/brownfield-of-dreams/git/refs{/sha}","trees_url":"https://api.github.com/repos/chakeresa/brownfield-of-dreams/git/trees{/sha}","statuses_url":"https://api.github.com/repos/chakeresa/brownfield-of-dreams/statuses/{sha}","languages_url":"https://api.github.com/repos/chakeresa/brownfield-of-dreams/languages","stargazers_url":"https://api.github.com/repos/chakeresa/brownfield-of-dreams/stargazers","contributors_url":"https://api.github.com/repos/chakeresa/brownfield-of-dreams/contributors","subscribers_url":"https://api.github.com/repos/chakeresa/brownfield-of-dreams/subscribers","subscription_url":"https://api.github.com/repos/chakeresa/brownfield-of-dreams/subscription","commits_url":"https://api.github.com/repos/chakeresa/brownfield-of-dreams/commits{/sha}","git_commits_url":"https://api.github.com/repos/chakeresa/brownfield-of-dreams/git/commits{/sha}","comments_url":"https://api.github.com/repos/chakeresa/brownfield-of-dreams/comments{/number}","issue_comment_url":"https://api.github.com/repos/chakeresa/brownfield-of-dreams/issues/comments{/number}","contents_url":"https://api.github.com/repos/chakeresa/brownfield-of-dreams/contents/{+path}","compare_url":"https://api.github.com/repos/chakeresa/brownfield-of-dreams/compare/{base}...{head}","merges_url":"https://api.github.com/repos/chakeresa/brownfield-of-dreams/merges","archive_url":"https://api.github.com/repos/chakeresa/brownfield-of-dreams/{archive_format}{/ref}","downloads_url":"https://api.github.com/repos/chakeresa/brownfield-of-dreams/downloads","issues_url":"https://api.github.com/repos/chakeresa/brownfield-of-dreams/issues{/number}","pulls_url":"https://api.github.com/repos/chakeresa/brownfield-of-dreams/pulls{/number}","milestones_url":"https://api.github.com/repos/chakeresa/brownfield-of-dreams/milestones{/number}","notifications_url":"https://api.github.com/repos/chakeresa/brownfield-of-dreams/notifications{?since,all,participating}","labels_url":"https://api.github.com/repos/chakeresa/brownfield-of-dreams/labels{/name}","releases_url":"https://api.github.com/repos/chakeresa/brownfield-of-dreams/releases{/id}","deployments_url":"https://api.github.com/repos/chakeresa/brownfield-of-dreams/deployments","created_at":"2019-07-01T21:43:22Z","updated_at":"2019-07-11T20:54:44Z","pushed_at":"2019-07-12T00:01:23Z","git_url":"git://github.com/chakeresa/brownfield-of-dreams.git","ssh_url":"git@github.com:chakeresa/brownfield-of-dreams.git","clone_url":"https://github.com/chakeresa/brownfield-of-dreams.git","svn_url":"https://github.com/chakeresa/brownfield-of-dreams","homepage":"","size":7735,"stargazers_count":2,"watchers_count":2,"language":"JavaScript","has_issues":true,"has_projects":true,"has_downloads":true,"has_wiki":true,"has_pages":false,"forks_count":0,"mirror_url":null,"archived":false,"disabled":false,"open_issues_count":6,"license":null,"forks":0,"open_issues":6,"watchers":2,"default_branch":"master","permissions":{"admin":false,"push":true,"pull":true}},{"id":168045397,"node_id":"MDEwOlJlcG9zaXRvcnkxNjgwNDUzOTc=","name":"battleship","full_name":"jalena-penaligon/battleship","private":false,"owner":{"login":"jalena-penaligon","id":45905026,"node_id":"MDQ6VXNlcjQ1OTA1MDI2","avatar_url":"https://avatars0.githubusercontent.com/u/45905026?v=4","gravatar_id":"","url":"https://api.github.com/users/jalena-penaligon","html_url":"https://github.com/jalena-penaligon","followers_url":"https://api.github.com/users/jalena-penaligon/followers","following_url":"https://api.github.com/users/jalena-penaligon/following{/other_user}","gists_url":"https://api.github.com/users/jalena-penaligon/gists{/gist_id}","starred_url":"https://api.github.com/users/jalena-penaligon/starred{/owner}{/repo}","subscriptions_url":"https://api.github.com/users/jalena-penaligon/subscriptions","organizations_url":"https://api.github.com/users/jalena-penaligon/orgs","repos_url":"https://api.github.com/users/jalena-penaligon/repos","events_url":"https://api.github.com/users/jalena-penaligon/events{/privacy}","received_events_url":"https://api.github.com/users/jalena-penaligon/received_events","type":"User","site_admin":false},"html_url":"https://github.com/jalena-penaligon/battleship","description":null,"fork":false,"url":"https://api.github.com/repos/jalena-penaligon/battleship","forks_url":"https://api.github.com/repos/jalena-penaligon/battleship/forks","keys_url":"https://api.github.com/repos/jalena-penaligon/battleship/keys{/key_id}","collaborators_url":"https://api.github.com/repos/jalena-penaligon/battleship/collaborators{/collaborator}","teams_url":"https://api.github.com/repos/jalena-penaligon/battleship/teams","hooks_url":"https://api.github.com/repos/jalena-penaligon/battleship/hooks","issue_events_url":"https://api.github.com/repos/jalena-penaligon/battleship/issues/events{/number}","events_url":"https://api.github.com/repos/jalena-penaligon/battleship/events","assignees_url":"https://api.github.com/repos/jalena-penaligon/battleship/assignees{/user}","branches_url":"https://api.github.com/repos/jalena-penaligon/battleship/branches{/branch}","tags_url":"https://api.github.com/repos/jalena-penaligon/battleship/tags","blobs_url":"https://api.github.com/repos/jalena-penaligon/battleship/git/blobs{/sha}","git_tags_url":"https://api.github.com/repos/jalena-penaligon/battleship/git/tags{/sha}","git_refs_url":"https://api.github.com/repos/jalena-penaligon/battleship/git/refs{/sha}","trees_url":"https://api.github.com/repos/jalena-penaligon/battleship/git/trees{/sha}","statuses_url":"https://api.github.com/repos/jalena-penaligon/battleship/statuses/{sha}","languages_url":"https://api.github.com/repos/jalena-penaligon/battleship/languages","stargazers_url":"https://api.github.com/repos/jalena-penaligon/battleship/stargazers","contributors_url":"https://api.github.com/repos/jalena-penaligon/battleship/contributors","subscribers_url":"https://api.github.com/repos/jalena-penaligon/battleship/subscribers","subscription_url":"https://api.github.com/repos/jalena-penaligon/battleship/subscription","commits_url":"https://api.github.com/repos/jalena-penaligon/battleship/commits{/sha}","git_commits_url":"https://api.github.com/repos/jalena-penaligon/battleship/git/commits{/sha}","comments_url":"https://api.github.com/repos/jalena-penaligon/battleship/comments{/number}","issue_comment_url":"https://api.github.com/repos/jalena-penaligon/battleship/issues/comments{/number}","contents_url":"https://api.github.com/repos/jalena-penaligon/battleship/contents/{+path}","compare_url":"https://api.github.com/repos/jalena-penaligon/battleship/compare/{base}...{head}","merges_url":"https://api.github.com/repos/jalena-penaligon/battleship/merges","archive_url":"https://api.github.com/repos/jalena-penaligon/battleship/{archive_format}{/ref}","downloads_url":"https://api.github.com/repos/jalena-penaligon/battleship/downloads","issues_url":"https://api.github.com/repos/jalena-penaligon/battleship/issues{/number}","pulls_url":"https://api.github.com/repos/jalena-penaligon/battleship/pulls{/number}","milestones_url":"https://api.github.com/repos/jalena-penaligon/battleship/milestones{/number}","notifications_url":"https://api.github.com/repos/jalena-penaligon/battleship/notifications{?since,all,participating}","labels_url":"https://api.github.com/repos/jalena-penaligon/battleship/labels{/name}","releases_url":"https://api.github.com/repos/jalena-penaligon/battleship/releases{/id}","deployments_url":"https://api.github.com/repos/jalena-penaligon/battleship/deployments","created_at":"2019-01-28T22:04:39Z","updated_at":"2019-02-06T19:57:18Z","pushed_at":"2019-02-06T19:57:17Z","git_url":"git://github.com/jalena-penaligon/battleship.git","ssh_url":"git@github.com:jalena-penaligon/battleship.git","clone_url":"https://github.com/jalena-penaligon/battleship.git","svn_url":"https://github.com/jalena-penaligon/battleship","homepage":null,"size":59,"stargazers_count":0,"watchers_count":0,"language":"Ruby","has_issues":true,"has_projects":true,"has_downloads":true,"has_wiki":true,"has_pages":false,"forks_count":0,"mirror_url":null,"archived":false,"disabled":false,"open_issues_count":1,"license":null,"forks":0,"open_issues":1,"watchers":0,"default_branch":"master","permissions":{"admin":false,"push":true,"pull":true}},{"id":176382436,"node_id":"MDEwOlJlcG9zaXRvcnkxNzYzODI0MzY=","name":"Battleship_project","full_name":"kylecornelissen/Battleship_project","private":false,"owner":{"login":"kylecornelissen","id":46171611,"node_id":"MDQ6VXNlcjQ2MTcxNjEx","avatar_url":"https://avatars2.githubusercontent.com/u/46171611?v=4","gravatar_id":"","url":"https://api.github.com/users/kylecornelissen","html_url":"https://github.com/kylecornelissen","followers_url":"https://api.github.com/users/kylecornelissen/followers","following_url":"https://api.github.com/users/kylecornelissen/following{/other_user}","gists_url":"https://api.github.com/users/kylecornelissen/gists{/gist_id}","starred_url":"https://api.github.com/users/kylecornelissen/starred{/owner}{/repo}","subscriptions_url":"https://api.github.com/users/kylecornelissen/subscriptions","organizations_url":"https://api.github.com/users/kylecornelissen/orgs","repos_url":"https://api.github.com/users/kylecornelissen/repos","events_url":"https://api.github.com/users/kylecornelissen/events{/privacy}","received_events_url":"https://api.github.com/users/kylecornelissen/received_events","type":"User","site_admin":false},"html_url":"https://github.com/kylecornelissen/Battleship_project","description":null,"fork":false,"url":"https://api.github.com/repos/kylecornelissen/Battleship_project","forks_url":"https://api.github.com/repos/kylecornelissen/Battleship_project/forks","keys_url":"https://api.github.com/repos/kylecornelissen/Battleship_project/keys{/key_id}","collaborators_url":"https://api.github.com/repos/kylecornelissen/Battleship_project/collaborators{/collaborator}","teams_url":"https://api.github.com/repos/kylecornelissen/Battleship_project/teams","hooks_url":"https://api.github.com/repos/kylecornelissen/Battleship_project/hooks","issue_events_url":"https://api.github.com/repos/kylecornelissen/Battleship_project/issues/events{/number}","events_url":"https://api.github.com/repos/kylecornelissen/Battleship_project/events","assignees_url":"https://api.github.com/repos/kylecornelissen/Battleship_project/assignees{/user}","branches_url":"https://api.github.com/repos/kylecornelissen/Battleship_project/branches{/branch}","tags_url":"https://api.github.com/repos/kylecornelissen/Battleship_project/tags","blobs_url":"https://api.github.com/repos/kylecornelissen/Battleship_project/git/blobs{/sha}","git_tags_url":"https://api.github.com/repos/kylecornelissen/Battleship_project/git/tags{/sha}","git_refs_url":"https://api.github.com/repos/kylecornelissen/Battleship_project/git/refs{/sha}","trees_url":"https://api.github.com/repos/kylecornelissen/Battleship_project/git/trees{/sha}","statuses_url":"https://api.github.com/repos/kylecornelissen/Battleship_project/statuses/{sha}","languages_url":"https://api.github.com/repos/kylecornelissen/Battleship_project/languages","stargazers_url":"https://api.github.com/repos/kylecornelissen/Battleship_project/stargazers","contributors_url":"https://api.github.com/repos/kylecornelissen/Battleship_project/contributors","subscribers_url":"https://api.github.com/repos/kylecornelissen/Battleship_project/subscribers","subscription_url":"https://api.github.com/repos/kylecornelissen/Battleship_project/subscription","commits_url":"https://api.github.com/repos/kylecornelissen/Battleship_project/commits{/sha}","git_commits_url":"https://api.github.com/repos/kylecornelissen/Battleship_project/git/commits{/sha}","comments_url":"https://api.github.com/repos/kylecornelissen/Battleship_project/comments{/number}","issue_comment_url":"https://api.github.com/repos/kylecornelissen/Battleship_project/issues/comments{/number}","contents_url":"https://api.github.com/repos/kylecornelissen/Battleship_project/contents/{+path}","compare_url":"https://api.github.com/repos/kylecornelissen/Battleship_project/compare/{base}...{head}","merges_url":"https://api.github.com/repos/kylecornelissen/Battleship_project/merges","archive_url":"https://api.github.com/repos/kylecornelissen/Battleship_project/{archive_format}{/ref}","downloads_url":"https://api.github.com/repos/kylecornelissen/Battleship_project/downloads","issues_url":"https://api.github.com/repos/kylecornelissen/Battleship_project/issues{/number}","pulls_url":"https://api.github.com/repos/kylecornelissen/Battleship_project/pulls{/number}","milestones_url":"https://api.github.com/repos/kylecornelissen/Battleship_project/milestones{/number}","notifications_url":"https://api.github.com/repos/kylecornelissen/Battleship_project/notifications{?since,all,participating}","labels_url":"https://api.github.com/repos/kylecornelissen/Battleship_project/labels{/name}","releases_url":"https://api.github.com/repos/kylecornelissen/Battleship_project/releases{/id}","deployments_url":"https://api.github.com/repos/kylecornelissen/Battleship_project/deployments","created_at":"2019-03-18T22:57:32Z","updated_at":"2019-03-28T02:16:44Z","pushed_at":"2019-03-28T02:16:43Z","git_url":"git://github.com/kylecornelissen/Battleship_project.git","ssh_url":"git@github.com:kylecornelissen/Battleship_project.git","clone_url":"https://github.com/kylecornelissen/Battleship_project.git","svn_url":"https://github.com/kylecornelissen/Battleship_project","homepage":null,"size":73,"stargazers_count":0,"watchers_count":0,"language":"Ruby","has_issues":true,"has_projects":true,"has_downloads":true,"has_wiki":true,"has_pages":false,"forks_count":0,"mirror_url":null,"archived":false,"disabled":false,"open_issues_count":0,"license":null,"forks":0,"open_issues":0,"watchers":0,"default_branch":"master","permissions":{"admin":false,"push":true,"pull":true}},{"id":181714029,"node_id":"MDEwOlJlcG9zaXRvcnkxODE3MTQwMjk=","name":"1903_final","full_name":"MillsProvosty/1903_final","private":false,"owner":{"login":"MillsProvosty","id":45856797,"node_id":"MDQ6VXNlcjQ1ODU2Nzk3","avatar_url":"https://avatars3.githubusercontent.com/u/45856797?v=4","gravatar_id":"","url":"https://api.github.com/users/MillsProvosty","html_url":"https://github.com/MillsProvosty","followers_url":"https://api.github.com/users/MillsProvosty/followers","following_url":"https://api.github.com/users/MillsProvosty/following{/other_user}","gists_url":"https://api.github.com/users/MillsProvosty/gists{/gist_id}","starred_url":"https://api.github.com/users/MillsProvosty/starred{/owner}{/repo}","subscriptions_url":"https://api.github.com/users/MillsProvosty/subscriptions","organizations_url":"https://api.github.com/users/MillsProvosty/orgs","repos_url":"https://api.github.com/users/MillsProvosty/repos","events_url":"https://api.github.com/users/MillsProvosty/events{/privacy}","received_events_url":"https://api.github.com/users/MillsProvosty/received_events","type":"User","site_admin":false},"html_url":"https://github.com/MillsProvosty/1903_final","description":null,"fork":true,"url":"https://api.github.com/repos/MillsProvosty/1903_final","forks_url":"https://api.github.com/repos/MillsProvosty/1903_final/forks","keys_url":"https://api.github.com/repos/MillsProvosty/1903_final/keys{/key_id}","collaborators_url":"https://api.github.com/repos/MillsProvosty/1903_final/collaborators{/collaborator}","teams_url":"https://api.github.com/repos/MillsProvosty/1903_final/teams","hooks_url":"https://api.github.com/repos/MillsProvosty/1903_final/hooks","issue_events_url":"https://api.github.com/repos/MillsProvosty/1903_final/issues/events{/number}","events_url":"https://api.github.com/repos/MillsProvosty/1903_final/events","assignees_url":"https://api.github.com/repos/MillsProvosty/1903_final/assignees{/user}","branches_url":"https://api.github.com/repos/MillsProvosty/1903_final/branches{/branch}","tags_url":"https://api.github.com/repos/MillsProvosty/1903_final/tags","blobs_url":"https://api.github.com/repos/MillsProvosty/1903_final/git/blobs{/sha}","git_tags_url":"https://api.github.com/repos/MillsProvosty/1903_final/git/tags{/sha}","git_refs_url":"https://api.github.com/repos/MillsProvosty/1903_final/git/refs{/sha}","trees_url":"https://api.github.com/repos/MillsProvosty/1903_final/git/trees{/sha}","statuses_url":"https://api.github.com/repos/MillsProvosty/1903_final/statuses/{sha}","languages_url":"https://api.github.com/repos/MillsProvosty/1903_final/languages","stargazers_url":"https://api.github.com/repos/MillsProvosty/1903_final/stargazers","contributors_url":"https://api.github.com/repos/MillsProvosty/1903_final/contributors","subscribers_url":"https://api.github.com/repos/MillsProvosty/1903_final/subscribers","subscription_url":"https://api.github.com/repos/MillsProvosty/1903_final/subscription","commits_url":"https://api.github.com/repos/MillsProvosty/1903_final/commits{/sha}","git_commits_url":"https://api.github.com/repos/MillsProvosty/1903_final/git/commits{/sha}","comments_url":"https://api.github.com/repos/MillsProvosty/1903_final/comments{/number}","issue_comment_url":"https://api.github.com/repos/MillsProvosty/1903_final/issues/comments{/number}","contents_url":"https://api.github.com/repos/MillsProvosty/1903_final/contents/{+path}","compare_url":"https://api.github.com/repos/MillsProvosty/1903_final/compare/{base}...{head}","merges_url":"https://api.github.com/repos/MillsProvosty/1903_final/merges","archive_url":"https://api.github.com/repos/MillsProvosty/1903_final/{archive_format}{/ref}","downloads_url":"https://api.github.com/repos/MillsProvosty/1903_final/downloads","issues_url":"https://api.github.com/repos/MillsProvosty/1903_final/issues{/number}","pulls_url":"https://api.github.com/repos/MillsProvosty/1903_final/pulls{/number}","milestones_url":"https://api.github.com/repos/MillsProvosty/1903_final/milestones{/number}","notifications_url":"https://api.github.com/repos/MillsProvosty/1903_final/notifications{?since,all,participating}","labels_url":"https://api.github.com/repos/MillsProvosty/1903_final/labels{/name}","releases_url":"https://api.github.com/repos/MillsProvosty/1903_final/releases{/id}","deployments_url":"https://api.github.com/repos/MillsProvosty/1903_final/deployments","created_at":"2019-04-16T15:11:02Z","updated_at":"2019-04-16T18:10:48Z","pushed_at":"2019-04-16T18:10:46Z","git_url":"git://github.com/MillsProvosty/1903_final.git","ssh_url":"git@github.com:MillsProvosty/1903_final.git","clone_url":"https://github.com/MillsProvosty/1903_final.git","svn_url":"https://github.com/MillsProvosty/1903_final","homepage":null,"size":8,"stargazers_count":0,"watchers_count":0,"language":"Ruby","has_issues":false,"has_projects":true,"has_downloads":true,"has_wiki":true,"has_pages":false,"forks_count":0,"mirror_url":null,"archived":false,"disabled":false,"open_issues_count":0,"license":null,"forks":0,"open_issues":0,"watchers":0,"default_branch":"master","permissions":{"admin":true,"push":true,"pull":true}},{"id":184634926,"node_id":"MDEwOlJlcG9zaXRvcnkxODQ2MzQ5MjY=","name":"activerecord-obstacle-course","full_name":"MillsProvosty/activerecord-obstacle-course","private":false,"owner":{"login":"MillsProvosty","id":45856797,"node_id":"MDQ6VXNlcjQ1ODU2Nzk3","avatar_url":"https://avatars3.githubusercontent.com/u/45856797?v=4","gravatar_id":"","url":"https://api.github.com/users/MillsProvosty","html_url":"https://github.com/MillsProvosty","followers_url":"https://api.github.com/users/MillsProvosty/followers","following_url":"https://api.github.com/users/MillsProvosty/following{/other_user}","gists_url":"https://api.github.com/users/MillsProvosty/gists{/gist_id}","starred_url":"https://api.github.com/users/MillsProvosty/starred{/owner}{/repo}","subscriptions_url":"https://api.github.com/users/MillsProvosty/subscriptions","organizations_url":"https://api.github.com/users/MillsProvosty/orgs","repos_url":"https://api.github.com/users/MillsProvosty/repos","events_url":"https://api.github.com/users/MillsProvosty/events{/privacy}","received_events_url":"https://api.github.com/users/MillsProvosty/received_events","type":"User","site_admin":false},"html_url":"https://github.com/MillsProvosty/activerecord-obstacle-course","description":null,"fork":true,"url":"https://api.github.com/repos/MillsProvosty/activerecord-obstacle-course","forks_url":"https://api.github.com/repos/MillsProvosty/activerecord-obstacle-course/forks","keys_url":"https://api.github.com/repos/MillsProvosty/activerecord-obstacle-course/keys{/key_id}","collaborators_url":"https://api.github.com/repos/MillsProvosty/activerecord-obstacle-course/collaborators{/collaborator}","teams_url":"https://api.github.com/repos/MillsProvosty/activerecord-obstacle-course/teams","hooks_url":"https://api.github.com/repos/MillsProvosty/activerecord-obstacle-course/hooks","issue_events_url":"https://api.github.com/repos/MillsProvosty/activerecord-obstacle-course/issues/events{/number}","events_url":"https://api.github.com/repos/MillsProvosty/activerecord-obstacle-course/events","assignees_url":"https://api.github.com/repos/MillsProvosty/activerecord-obstacle-course/assignees{/user}","branches_url":"https://api.github.com/repos/MillsProvosty/activerecord-obstacle-course/branches{/branch}","tags_url":"https://api.github.com/repos/MillsProvosty/activerecord-obstacle-course/tags","blobs_url":"https://api.github.com/repos/MillsProvosty/activerecord-obstacle-course/git/blobs{/sha}","git_tags_url":"https://api.github.com/repos/MillsProvosty/activerecord-obstacle-course/git/tags{/sha}","git_refs_url":"https://api.github.com/repos/MillsProvosty/activerecord-obstacle-course/git/refs{/sha}","trees_url":"https://api.github.com/repos/MillsProvosty/activerecord-obstacle-course/git/trees{/sha}","statuses_url":"https://api.github.com/repos/MillsProvosty/activerecord-obstacle-course/statuses/{sha}","languages_url":"https://api.github.com/repos/MillsProvosty/activerecord-obstacle-course/languages","stargazers_url":"https://api.github.com/repos/MillsProvosty/activerecord-obstacle-course/stargazers","contributors_url":"https://api.github.com/repos/MillsProvosty/activerecord-obstacle-course/contributors","subscribers_url":"https://api.github.com/repos/MillsProvosty/activerecord-obstacle-course/subscribers","subscription_url":"https://api.github.com/repos/MillsProvosty/activerecord-obstacle-course/subscription","commits_url":"https://api.github.com/repos/MillsProvosty/activerecord-obstacle-course/commits{/sha}","git_commits_url":"https://api.github.com/repos/MillsProvosty/activerecord-obstacle-course/git/commits{/sha}","comments_url":"https://api.github.com/repos/MillsProvosty/activerecord-obstacle-course/comments{/number}","issue_comment_url":"https://api.github.com/repos/MillsProvosty/activerecord-obstacle-course/issues/comments{/number}","contents_url":"https://api.github.com/repos/MillsProvosty/activerecord-obstacle-course/contents/{+path}","compare_url":"https://api.github.com/repos/MillsProvosty/activerecord-obstacle-course/compare/{base}...{head}","merges_url":"https://api.github.com/repos/MillsProvosty/activerecord-obstacle-course/merges","archive_url":"https://api.github.com/repos/MillsProvosty/activerecord-obstacle-course/{archive_format}{/ref}","downloads_url":"https://api.github.com/repos/MillsProvosty/activerecord-obstacle-course/downloads","issues_url":"https://api.github.com/repos/MillsProvosty/activerecord-obstacle-course/issues{/number}","pulls_url":"https://api.github.com/repos/MillsProvosty/activerecord-obstacle-course/pulls{/number}","milestones_url":"https://api.github.com/repos/MillsProvosty/activerecord-obstacle-course/milestones{/number}","notifications_url":"https://api.github.com/repos/MillsProvosty/activerecord-obstacle-course/notifications{?since,all,participating}","labels_url":"https://api.github.com/repos/MillsProvosty/activerecord-obstacle-course/labels{/name}","releases_url":"https://api.github.com/repos/MillsProvosty/activerecord-obstacle-course/releases{/id}","deployments_url":"https://api.github.com/repos/MillsProvosty/activerecord-obstacle-course/deployments","created_at":"2019-05-02T18:53:23Z","updated_at":"2019-05-31T17:00:15Z","pushed_at":"2019-05-31T17:00:14Z","git_url":"git://github.com/MillsProvosty/activerecord-obstacle-course.git","ssh_url":"git@github.com:MillsProvosty/activerecord-obstacle-course.git","clone_url":"https://github.com/MillsProvosty/activerecord-obstacle-course.git","svn_url":"https://github.com/MillsProvosty/activerecord-obstacle-course","homepage":null,"size":54,"stargazers_count":0,"watchers_count":0,"language":"Ruby","has_issues":false,"has_projects":true,"has_downloads":true,"has_wiki":true,"has_pages":false,"forks_count":0,"mirror_url":null,"archived":false,"disabled":false,"open_issues_count":0,"license":null,"forks":0,"open_issues":0,"watchers":0,"default_branch":"master","permissions":{"admin":true,"push":true,"pull":true}}]'
    http_version: 
  recorded_at: Fri, 12 Jul 2019 00:11:38 GMT
- request:
    method: get
    uri: https://api.github.com/user/followers?access_token=<GITHUB_API_KEY>
    body:
      encoding: US-ASCII
      string: ''
    headers:
      User-Agent:
      - Faraday v0.15.4
      Accept-Encoding:
      - gzip;q=1.0,deflate;q=0.6,identity;q=0.3
      Accept:
      - "*/*"
  response:
    status:
      code: 200
      message: OK
    headers:
      Date:
      - Fri, 12 Jul 2019 00:11:55 GMT
      Content-Type:
      - application/json; charset=utf-8
      Transfer-Encoding:
      - chunked
      Server:
      - GitHub.com
      Status:
      - 200 OK
      X-Ratelimit-Limit:
      - '5000'
      X-Ratelimit-Remaining:
      - '4998'
      X-Ratelimit-Reset:
      - '1562893915'
      Cache-Control:
      - private, max-age=60, s-maxage=60
      Vary:
      - Accept, Authorization, Cookie, X-GitHub-OTP
      - Accept-Encoding
      Etag:
      - W/"de3cc92700f1038013e3888d075e7b40"
      X-Oauth-Scopes:
      - ''
      X-Accepted-Oauth-Scopes:
      - ''
      X-Github-Media-Type:
      - github.v3; format=json
      Access-Control-Expose-Headers:
      - ETag, Link, Location, Retry-After, X-GitHub-OTP, X-RateLimit-Limit, X-RateLimit-Remaining,
        X-RateLimit-Reset, X-OAuth-Scopes, X-Accepted-OAuth-Scopes, X-Poll-Interval,
        X-GitHub-Media-Type
      Access-Control-Allow-Origin:
      - "*"
      Strict-Transport-Security:
      - max-age=31536000; includeSubdomains; preload
      X-Frame-Options:
      - deny
      X-Content-Type-Options:
      - nosniff
      X-Xss-Protection:
      - 1; mode=block
      Referrer-Policy:
      - origin-when-cross-origin, strict-origin-when-cross-origin
      Content-Security-Policy:
      - default-src 'none'
      X-Github-Request-Id:
      - E6F0:7979:3CB5D3:5C00A9:5D27D04B
    body:
      encoding: ASCII-8BIT
      string: '[{"login":"kylecornelissen","id":46171611,"node_id":"MDQ6VXNlcjQ2MTcxNjEx","avatar_url":"https://avatars2.githubusercontent.com/u/46171611?v=4","gravatar_id":"","url":"https://api.github.com/users/kylecornelissen","html_url":"https://github.com/kylecornelissen","followers_url":"https://api.github.com/users/kylecornelissen/followers","following_url":"https://api.github.com/users/kylecornelissen/following{/other_user}","gists_url":"https://api.github.com/users/kylecornelissen/gists{/gist_id}","starred_url":"https://api.github.com/users/kylecornelissen/starred{/owner}{/repo}","subscriptions_url":"https://api.github.com/users/kylecornelissen/subscriptions","organizations_url":"https://api.github.com/users/kylecornelissen/orgs","repos_url":"https://api.github.com/users/kylecornelissen/repos","events_url":"https://api.github.com/users/kylecornelissen/events{/privacy}","received_events_url":"https://api.github.com/users/kylecornelissen/received_events","type":"User","site_admin":false},{"login":"bplantico","id":43261385,"node_id":"MDQ6VXNlcjQzMjYxMzg1","avatar_url":"https://avatars3.githubusercontent.com/u/43261385?v=4","gravatar_id":"","url":"https://api.github.com/users/bplantico","html_url":"https://github.com/bplantico","followers_url":"https://api.github.com/users/bplantico/followers","following_url":"https://api.github.com/users/bplantico/following{/other_user}","gists_url":"https://api.github.com/users/bplantico/gists{/gist_id}","starred_url":"https://api.github.com/users/bplantico/starred{/owner}{/repo}","subscriptions_url":"https://api.github.com/users/bplantico/subscriptions","organizations_url":"https://api.github.com/users/bplantico/orgs","repos_url":"https://api.github.com/users/bplantico/repos","events_url":"https://api.github.com/users/bplantico/events{/privacy}","received_events_url":"https://api.github.com/users/bplantico/received_events","type":"User","site_admin":false},{"login":"ryanmillergm","id":42855291,"node_id":"MDQ6VXNlcjQyODU1Mjkx","avatar_url":"https://avatars0.githubusercontent.com/u/42855291?v=4","gravatar_id":"","url":"https://api.github.com/users/ryanmillergm","html_url":"https://github.com/ryanmillergm","followers_url":"https://api.github.com/users/ryanmillergm/followers","following_url":"https://api.github.com/users/ryanmillergm/following{/other_user}","gists_url":"https://api.github.com/users/ryanmillergm/gists{/gist_id}","starred_url":"https://api.github.com/users/ryanmillergm/starred{/owner}{/repo}","subscriptions_url":"https://api.github.com/users/ryanmillergm/subscriptions","organizations_url":"https://api.github.com/users/ryanmillergm/orgs","repos_url":"https://api.github.com/users/ryanmillergm/repos","events_url":"https://api.github.com/users/ryanmillergm/events{/privacy}","received_events_url":"https://api.github.com/users/ryanmillergm/received_events","type":"User","site_admin":false},{"login":"n-flint","id":34421236,"node_id":"MDQ6VXNlcjM0NDIxMjM2","avatar_url":"https://avatars3.githubusercontent.com/u/34421236?v=4","gravatar_id":"","url":"https://api.github.com/users/n-flint","html_url":"https://github.com/n-flint","followers_url":"https://api.github.com/users/n-flint/followers","following_url":"https://api.github.com/users/n-flint/following{/other_user}","gists_url":"https://api.github.com/users/n-flint/gists{/gist_id}","starred_url":"https://api.github.com/users/n-flint/starred{/owner}{/repo}","subscriptions_url":"https://api.github.com/users/n-flint/subscriptions","organizations_url":"https://api.github.com/users/n-flint/orgs","repos_url":"https://api.github.com/users/n-flint/repos","events_url":"https://api.github.com/users/n-flint/events{/privacy}","received_events_url":"https://api.github.com/users/n-flint/received_events","type":"User","site_admin":false},{"login":"chakeresa","id":<GITHUB_UID>,"node_id":"MDQ6VXNlcjQ3MzA5ODYx","avatar_url":"https://avatars2.githubusercontent.com/u/<GITHUB_UID>?v=4","gravatar_id":"","url":"https://api.github.com/users/chakeresa","html_url":"https://github.com/chakeresa","followers_url":"https://api.github.com/users/chakeresa/followers","following_url":"https://api.github.com/users/chakeresa/following{/other_user}","gists_url":"https://api.github.com/users/chakeresa/gists{/gist_id}","starred_url":"https://api.github.com/users/chakeresa/starred{/owner}{/repo}","subscriptions_url":"https://api.github.com/users/chakeresa/subscriptions","organizations_url":"https://api.github.com/users/chakeresa/orgs","repos_url":"https://api.github.com/users/chakeresa/repos","events_url":"https://api.github.com/users/chakeresa/events{/privacy}","received_events_url":"https://api.github.com/users/chakeresa/received_events","type":"User","site_admin":false},{"login":"Mycobee","id":41843577,"node_id":"MDQ6VXNlcjQxODQzNTc3","avatar_url":"https://avatars3.githubusercontent.com/u/41843577?v=4","gravatar_id":"","url":"https://api.github.com/users/Mycobee","html_url":"https://github.com/Mycobee","followers_url":"https://api.github.com/users/Mycobee/followers","following_url":"https://api.github.com/users/Mycobee/following{/other_user}","gists_url":"https://api.github.com/users/Mycobee/gists{/gist_id}","starred_url":"https://api.github.com/users/Mycobee/starred{/owner}{/repo}","subscriptions_url":"https://api.github.com/users/Mycobee/subscriptions","organizations_url":"https://api.github.com/users/Mycobee/orgs","repos_url":"https://api.github.com/users/Mycobee/repos","events_url":"https://api.github.com/users/Mycobee/events{/privacy}","received_events_url":"https://api.github.com/users/Mycobee/received_events","type":"User","site_admin":false},{"login":"earl-stephens","id":34906415,"node_id":"MDQ6VXNlcjM0OTA2NDE1","avatar_url":"https://avatars1.githubusercontent.com/u/34906415?v=4","gravatar_id":"","url":"https://api.github.com/users/earl-stephens","html_url":"https://github.com/earl-stephens","followers_url":"https://api.github.com/users/earl-stephens/followers","following_url":"https://api.github.com/users/earl-stephens/following{/other_user}","gists_url":"https://api.github.com/users/earl-stephens/gists{/gist_id}","starred_url":"https://api.github.com/users/earl-stephens/starred{/owner}{/repo}","subscriptions_url":"https://api.github.com/users/earl-stephens/subscriptions","organizations_url":"https://api.github.com/users/earl-stephens/orgs","repos_url":"https://api.github.com/users/earl-stephens/repos","events_url":"https://api.github.com/users/earl-stephens/events{/privacy}","received_events_url":"https://api.github.com/users/earl-stephens/received_events","type":"User","site_admin":false}]'
    http_version: 
  recorded_at: Fri, 12 Jul 2019 00:11:38 GMT
- request:
    method: get
    uri: https://api.github.com/user/following?access_token=<GITHUB_API_KEY>
    body:
      encoding: US-ASCII
      string: ''
    headers:
      User-Agent:
      - Faraday v0.15.4
      Accept-Encoding:
      - gzip;q=1.0,deflate;q=0.6,identity;q=0.3
      Accept:
      - "*/*"
  response:
    status:
      code: 200
      message: OK
    headers:
      Date:
      - Fri, 12 Jul 2019 00:11:56 GMT
      Content-Type:
      - application/json; charset=utf-8
      Transfer-Encoding:
      - chunked
      Server:
      - GitHub.com
      Status:
      - 200 OK
      X-Ratelimit-Limit:
      - '5000'
      X-Ratelimit-Remaining:
      - '4997'
      X-Ratelimit-Reset:
      - '1562893915'
      Cache-Control:
      - private, max-age=60, s-maxage=60
      Vary:
      - Accept, Authorization, Cookie, X-GitHub-OTP
      - Accept-Encoding
      Etag:
      - W/"860bc567e35e6a4bb121ca4217b7420d"
      X-Oauth-Scopes:
      - ''
      X-Accepted-Oauth-Scopes:
      - ''
      X-Github-Media-Type:
      - github.v3; format=json
      Access-Control-Expose-Headers:
      - ETag, Link, Location, Retry-After, X-GitHub-OTP, X-RateLimit-Limit, X-RateLimit-Remaining,
        X-RateLimit-Reset, X-OAuth-Scopes, X-Accepted-OAuth-Scopes, X-Poll-Interval,
        X-GitHub-Media-Type
      Access-Control-Allow-Origin:
      - "*"
      Strict-Transport-Security:
      - max-age=31536000; includeSubdomains; preload
      X-Frame-Options:
      - deny
      X-Content-Type-Options:
      - nosniff
      X-Xss-Protection:
      - 1; mode=block
      Referrer-Policy:
      - origin-when-cross-origin, strict-origin-when-cross-origin
      Content-Security-Policy:
      - default-src 'none'
      X-Github-Request-Id:
      - E6F5:0397:37EDAA:54C184:5D27D04C
    body:
      encoding: ASCII-8BIT
      string: '[{"login":"m-mrcr","id":28820023,"node_id":"MDQ6VXNlcjI4ODIwMDIz","avatar_url":"https://avatars3.githubusercontent.com/u/28820023?v=4","gravatar_id":"","url":"https://api.github.com/users/m-mrcr","html_url":"https://github.com/m-mrcr","followers_url":"https://api.github.com/users/m-mrcr/followers","following_url":"https://api.github.com/users/m-mrcr/following{/other_user}","gists_url":"https://api.github.com/users/m-mrcr/gists{/gist_id}","starred_url":"https://api.github.com/users/m-mrcr/starred{/owner}{/repo}","subscriptions_url":"https://api.github.com/users/m-mrcr/subscriptions","organizations_url":"https://api.github.com/users/m-mrcr/orgs","repos_url":"https://api.github.com/users/m-mrcr/repos","events_url":"https://api.github.com/users/m-mrcr/events{/privacy}","received_events_url":"https://api.github.com/users/m-mrcr/received_events","type":"User","site_admin":false},{"login":"earl-stephens","id":34906415,"node_id":"MDQ6VXNlcjM0OTA2NDE1","avatar_url":"https://avatars1.githubusercontent.com/u/34906415?v=4","gravatar_id":"","url":"https://api.github.com/users/earl-stephens","html_url":"https://github.com/earl-stephens","followers_url":"https://api.github.com/users/earl-stephens/followers","following_url":"https://api.github.com/users/earl-stephens/following{/other_user}","gists_url":"https://api.github.com/users/earl-stephens/gists{/gist_id}","starred_url":"https://api.github.com/users/earl-stephens/starred{/owner}{/repo}","subscriptions_url":"https://api.github.com/users/earl-stephens/subscriptions","organizations_url":"https://api.github.com/users/earl-stephens/orgs","repos_url":"https://api.github.com/users/earl-stephens/repos","events_url":"https://api.github.com/users/earl-stephens/events{/privacy}","received_events_url":"https://api.github.com/users/earl-stephens/received_events","type":"User","site_admin":false},{"login":"milevy1","id":36040194,"node_id":"MDQ6VXNlcjM2MDQwMTk0","avatar_url":"https://avatars3.githubusercontent.com/u/36040194?v=4","gravatar_id":"","url":"https://api.github.com/users/milevy1","html_url":"https://github.com/milevy1","followers_url":"https://api.github.com/users/milevy1/followers","following_url":"https://api.github.com/users/milevy1/following{/other_user}","gists_url":"https://api.github.com/users/milevy1/gists{/gist_id}","starred_url":"https://api.github.com/users/milevy1/starred{/owner}{/repo}","subscriptions_url":"https://api.github.com/users/milevy1/subscriptions","organizations_url":"https://api.github.com/users/milevy1/orgs","repos_url":"https://api.github.com/users/milevy1/repos","events_url":"https://api.github.com/users/milevy1/events{/privacy}","received_events_url":"https://api.github.com/users/milevy1/received_events","type":"User","site_admin":false},{"login":"Mycobee","id":41843577,"node_id":"MDQ6VXNlcjQxODQzNTc3","avatar_url":"https://avatars3.githubusercontent.com/u/41843577?v=4","gravatar_id":"","url":"https://api.github.com/users/Mycobee","html_url":"https://github.com/Mycobee","followers_url":"https://api.github.com/users/Mycobee/followers","following_url":"https://api.github.com/users/Mycobee/following{/other_user}","gists_url":"https://api.github.com/users/Mycobee/gists{/gist_id}","starred_url":"https://api.github.com/users/Mycobee/starred{/owner}{/repo}","subscriptions_url":"https://api.github.com/users/Mycobee/subscriptions","organizations_url":"https://api.github.com/users/Mycobee/orgs","repos_url":"https://api.github.com/users/Mycobee/repos","events_url":"https://api.github.com/users/Mycobee/events{/privacy}","received_events_url":"https://api.github.com/users/Mycobee/received_events","type":"User","site_admin":false},{"login":"bplantico","id":43261385,"node_id":"MDQ6VXNlcjQzMjYxMzg1","avatar_url":"https://avatars3.githubusercontent.com/u/43261385?v=4","gravatar_id":"","url":"https://api.github.com/users/bplantico","html_url":"https://github.com/bplantico","followers_url":"https://api.github.com/users/bplantico/followers","following_url":"https://api.github.com/users/bplantico/following{/other_user}","gists_url":"https://api.github.com/users/bplantico/gists{/gist_id}","starred_url":"https://api.github.com/users/bplantico/starred{/owner}{/repo}","subscriptions_url":"https://api.github.com/users/bplantico/subscriptions","organizations_url":"https://api.github.com/users/bplantico/orgs","repos_url":"https://api.github.com/users/bplantico/repos","events_url":"https://api.github.com/users/bplantico/events{/privacy}","received_events_url":"https://api.github.com/users/bplantico/received_events","type":"User","site_admin":false},{"login":"smainar","id":43945779,"node_id":"MDQ6VXNlcjQzOTQ1Nzc5","avatar_url":"https://avatars3.githubusercontent.com/u/43945779?v=4","gravatar_id":"","url":"https://api.github.com/users/smainar","html_url":"https://github.com/smainar","followers_url":"https://api.github.com/users/smainar/followers","following_url":"https://api.github.com/users/smainar/following{/other_user}","gists_url":"https://api.github.com/users/smainar/gists{/gist_id}","starred_url":"https://api.github.com/users/smainar/starred{/owner}{/repo}","subscriptions_url":"https://api.github.com/users/smainar/subscriptions","organizations_url":"https://api.github.com/users/smainar/orgs","repos_url":"https://api.github.com/users/smainar/repos","events_url":"https://api.github.com/users/smainar/events{/privacy}","received_events_url":"https://api.github.com/users/smainar/received_events","type":"User","site_admin":false},{"login":"carriewalsh","id":43975624,"node_id":"MDQ6VXNlcjQzOTc1NjI0","avatar_url":"https://avatars0.githubusercontent.com/u/43975624?v=4","gravatar_id":"","url":"https://api.github.com/users/carriewalsh","html_url":"https://github.com/carriewalsh","followers_url":"https://api.github.com/users/carriewalsh/followers","following_url":"https://api.github.com/users/carriewalsh/following{/other_user}","gists_url":"https://api.github.com/users/carriewalsh/gists{/gist_id}","starred_url":"https://api.github.com/users/carriewalsh/starred{/owner}{/repo}","subscriptions_url":"https://api.github.com/users/carriewalsh/subscriptions","organizations_url":"https://api.github.com/users/carriewalsh/orgs","repos_url":"https://api.github.com/users/carriewalsh/repos","events_url":"https://api.github.com/users/carriewalsh/events{/privacy}","received_events_url":"https://api.github.com/users/carriewalsh/received_events","type":"User","site_admin":false},{"login":"Loomus","id":44850604,"node_id":"MDQ6VXNlcjQ0ODUwNjA0","avatar_url":"https://avatars0.githubusercontent.com/u/44850604?v=4","gravatar_id":"","url":"https://api.github.com/users/Loomus","html_url":"https://github.com/Loomus","followers_url":"https://api.github.com/users/Loomus/followers","following_url":"https://api.github.com/users/Loomus/following{/other_user}","gists_url":"https://api.github.com/users/Loomus/gists{/gist_id}","starred_url":"https://api.github.com/users/Loomus/starred{/owner}{/repo}","subscriptions_url":"https://api.github.com/users/Loomus/subscriptions","organizations_url":"https://api.github.com/users/Loomus/orgs","repos_url":"https://api.github.com/users/Loomus/repos","events_url":"https://api.github.com/users/Loomus/events{/privacy}","received_events_url":"https://api.github.com/users/Loomus/received_events","type":"User","site_admin":false},{"login":"james-cape","id":46202598,"node_id":"MDQ6VXNlcjQ2MjAyNTk4","avatar_url":"https://avatars2.githubusercontent.com/u/46202598?v=4","gravatar_id":"","url":"https://api.github.com/users/james-cape","html_url":"https://github.com/james-cape","followers_url":"https://api.github.com/users/james-cape/followers","following_url":"https://api.github.com/users/james-cape/following{/other_user}","gists_url":"https://api.github.com/users/james-cape/gists{/gist_id}","starred_url":"https://api.github.com/users/james-cape/starred{/owner}{/repo}","subscriptions_url":"https://api.github.com/users/james-cape/subscriptions","organizations_url":"https://api.github.com/users/james-cape/orgs","repos_url":"https://api.github.com/users/james-cape/repos","events_url":"https://api.github.com/users/james-cape/events{/privacy}","received_events_url":"https://api.github.com/users/james-cape/received_events","type":"User","site_admin":false},{"login":"alexander-mathieu","id":47018937,"node_id":"MDQ6VXNlcjQ3MDE4OTM3","avatar_url":"https://avatars3.githubusercontent.com/u/47018937?v=4","gravatar_id":"","url":"https://api.github.com/users/alexander-mathieu","html_url":"https://github.com/alexander-mathieu","followers_url":"https://api.github.com/users/alexander-mathieu/followers","following_url":"https://api.github.com/users/alexander-mathieu/following{/other_user}","gists_url":"https://api.github.com/users/alexander-mathieu/gists{/gist_id}","starred_url":"https://api.github.com/users/alexander-mathieu/starred{/owner}{/repo}","subscriptions_url":"https://api.github.com/users/alexander-mathieu/subscriptions","organizations_url":"https://api.github.com/users/alexander-mathieu/orgs","repos_url":"https://api.github.com/users/alexander-mathieu/repos","events_url":"https://api.github.com/users/alexander-mathieu/events{/privacy}","received_events_url":"https://api.github.com/users/alexander-mathieu/received_events","type":"User","site_admin":false},{"login":"chakeresa","id":<GITHUB_UID>,"node_id":"MDQ6VXNlcjQ3MzA5ODYx","avatar_url":"https://avatars2.githubusercontent.com/u/<GITHUB_UID>?v=4","gravatar_id":"","url":"https://api.github.com/users/chakeresa","html_url":"https://github.com/chakeresa","followers_url":"https://api.github.com/users/chakeresa/followers","following_url":"https://api.github.com/users/chakeresa/following{/other_user}","gists_url":"https://api.github.com/users/chakeresa/gists{/gist_id}","starred_url":"https://api.github.com/users/chakeresa/starred{/owner}{/repo}","subscriptions_url":"https://api.github.com/users/chakeresa/subscriptions","organizations_url":"https://api.github.com/users/chakeresa/orgs","repos_url":"https://api.github.com/users/chakeresa/repos","events_url":"https://api.github.com/users/chakeresa/events{/privacy}","received_events_url":"https://api.github.com/users/chakeresa/received_events","type":"User","site_admin":false}]'
    http_version: 
  recorded_at: Fri, 12 Jul 2019 00:11:39 GMT
- request:
    method: get
    uri: https://api.github.com/users/MillsProvosty?access_token=<GITHUB_API_KEY>
    body:
      encoding: US-ASCII
      string: ''
    headers:
      User-Agent:
      - Faraday v0.15.4
      Accept-Encoding:
      - gzip;q=1.0,deflate;q=0.6,identity;q=0.3
      Accept:
      - "*/*"
  response:
    status:
      code: 200
      message: OK
    headers:
      Date:
      - Fri, 12 Jul 2019 00:11:57 GMT
      Content-Type:
      - application/json; charset=utf-8
      Transfer-Encoding:
      - chunked
      Server:
      - GitHub.com
      Status:
      - 200 OK
      X-Ratelimit-Limit:
      - '5000'
      X-Ratelimit-Remaining:
      - '4996'
      X-Ratelimit-Reset:
      - '1562893915'
      Cache-Control:
      - private, max-age=60, s-maxage=60
      Vary:
      - Accept, Authorization, Cookie, X-GitHub-OTP
      - Accept-Encoding
      Etag:
      - W/"a5dc1860162fafc5c0eaf8d987757d5f"
      Last-Modified:
      - Thu, 11 Jul 2019 23:35:46 GMT
      X-Oauth-Scopes:
      - ''
      X-Accepted-Oauth-Scopes:
      - ''
      X-Github-Media-Type:
      - github.v3; format=json
      Access-Control-Expose-Headers:
      - ETag, Link, Location, Retry-After, X-GitHub-OTP, X-RateLimit-Limit, X-RateLimit-Remaining,
        X-RateLimit-Reset, X-OAuth-Scopes, X-Accepted-OAuth-Scopes, X-Poll-Interval,
        X-GitHub-Media-Type
      Access-Control-Allow-Origin:
      - "*"
      Strict-Transport-Security:
      - max-age=31536000; includeSubdomains; preload
      X-Frame-Options:
      - deny
      X-Content-Type-Options:
      - nosniff
      X-Xss-Protection:
      - 1; mode=block
      Referrer-Policy:
      - origin-when-cross-origin, strict-origin-when-cross-origin
      Content-Security-Policy:
      - default-src 'none'
      X-Github-Request-Id:
      - E6F6:5B89:392CC1:56B044:5D27D04C
    body:
      encoding: ASCII-8BIT
      string: '{"login":"MillsProvosty","id":45856797,"node_id":"MDQ6VXNlcjQ1ODU2Nzk3","avatar_url":"https://avatars3.githubusercontent.com/u/45856797?v=4","gravatar_id":"","url":"https://api.github.com/users/MillsProvosty","html_url":"https://github.com/MillsProvosty","followers_url":"https://api.github.com/users/MillsProvosty/followers","following_url":"https://api.github.com/users/MillsProvosty/following{/other_user}","gists_url":"https://api.github.com/users/MillsProvosty/gists{/gist_id}","starred_url":"https://api.github.com/users/MillsProvosty/starred{/owner}{/repo}","subscriptions_url":"https://api.github.com/users/MillsProvosty/subscriptions","organizations_url":"https://api.github.com/users/MillsProvosty/orgs","repos_url":"https://api.github.com/users/MillsProvosty/repos","events_url":"https://api.github.com/users/MillsProvosty/events{/privacy}","received_events_url":"https://api.github.com/users/MillsProvosty/received_events","type":"User","site_admin":false,"name":"Mills
        Provosty","company":null,"blog":"","location":"Denver, Co","email":null,"hireable":true,"bio":null,"public_repos":67,"public_gists":16,"followers":7,"following":11,"created_at":"2018-12-13T17:49:09Z","updated_at":"2019-07-11T23:35:46Z"}'
    http_version: 
  recorded_at: Fri, 12 Jul 2019 00:11:39 GMT
- request:
    method: get
    uri: https://api.github.com/users/chakeresa?access_token=<GITHUB_API_KEY>
    body:
      encoding: US-ASCII
      string: ''
    headers:
      User-Agent:
      - Faraday v0.15.4
      Accept-Encoding:
      - gzip;q=1.0,deflate;q=0.6,identity;q=0.3
      Accept:
      - "*/*"
  response:
    status:
      code: 200
      message: OK
    headers:
      Date:
      - Fri, 12 Jul 2019 00:11:58 GMT
      Content-Type:
      - application/json; charset=utf-8
      Transfer-Encoding:
      - chunked
      Server:
      - GitHub.com
      Status:
      - 200 OK
      X-Ratelimit-Limit:
      - '5000'
      X-Ratelimit-Remaining:
      - '4995'
      X-Ratelimit-Reset:
      - '1562893915'
      Cache-Control:
      - private, max-age=60, s-maxage=60
      Vary:
      - Accept, Authorization, Cookie, X-GitHub-OTP
      - Accept-Encoding
      Etag:
      - W/"cf041d49c113ecc7bac9882ecd61e228"
      Last-Modified:
      - Thu, 11 Jul 2019 23:25:54 GMT
      X-Oauth-Scopes:
      - ''
      X-Accepted-Oauth-Scopes:
      - ''
      X-Github-Media-Type:
      - github.v3; format=json
      Access-Control-Expose-Headers:
      - ETag, Link, Location, Retry-After, X-GitHub-OTP, X-RateLimit-Limit, X-RateLimit-Remaining,
        X-RateLimit-Reset, X-OAuth-Scopes, X-Accepted-OAuth-Scopes, X-Poll-Interval,
        X-GitHub-Media-Type
      Access-Control-Allow-Origin:
      - "*"
      Strict-Transport-Security:
      - max-age=31536000; includeSubdomains; preload
      X-Frame-Options:
      - deny
      X-Content-Type-Options:
      - nosniff
      X-Xss-Protection:
      - 1; mode=block
      Referrer-Policy:
      - origin-when-cross-origin, strict-origin-when-cross-origin
      Content-Security-Policy:
      - default-src 'none'
      X-Github-Request-Id:
      - E6FB:5BB3:1E2EB2:2C3B5A:5D27D04E
    body:
      encoding: ASCII-8BIT
      string: '{"login":"chakeresa","id":<GITHUB_UID>,"node_id":"MDQ6VXNlcjQ3MzA5ODYx","avatar_url":"https://avatars2.githubusercontent.com/u/<GITHUB_UID>?v=4","gravatar_id":"","url":"https://api.github.com/users/chakeresa","html_url":"https://github.com/chakeresa","followers_url":"https://api.github.com/users/chakeresa/followers","following_url":"https://api.github.com/users/chakeresa/following{/other_user}","gists_url":"https://api.github.com/users/chakeresa/gists{/gist_id}","starred_url":"https://api.github.com/users/chakeresa/starred{/owner}{/repo}","subscriptions_url":"https://api.github.com/users/chakeresa/subscriptions","organizations_url":"https://api.github.com/users/chakeresa/orgs","repos_url":"https://api.github.com/users/chakeresa/repos","events_url":"https://api.github.com/users/chakeresa/events{/privacy}","received_events_url":"https://api.github.com/users/chakeresa/received_events","type":"User","site_admin":false,"name":"Alexandra
        Chakeres","company":null,"blog":"https://www.linkedin.com/in/alexandrachakeres/","location":"Denver,
        CO","email":"alexchakeres@gmail.com","hireable":null,"bio":"Back End Engineering
        student at Turing School of Software & Design","public_repos":45,"public_gists":3,"followers":4,"following":1,"created_at":"2019-02-04T02:41:16Z","updated_at":"2019-07-11T23:25:54Z"}'
    http_version: 
  recorded_at: Fri, 12 Jul 2019 00:11:41 GMT
- request:
    method: get
    uri: https://api.github.com/user/repos?access_token=<GITHUB_API_KEY>&page=1&per_page=5
    body:
      encoding: US-ASCII
      string: ''
    headers:
      User-Agent:
      - Faraday v0.15.4
      Accept-Encoding:
      - gzip;q=1.0,deflate;q=0.6,identity;q=0.3
      Accept:
      - "*/*"
  response:
    status:
      code: 200
      message: OK
    headers:
      Date:
      - Fri, 12 Jul 2019 00:11:59 GMT
      Content-Type:
      - application/json; charset=utf-8
      Transfer-Encoding:
      - chunked
      Server:
      - GitHub.com
      Status:
      - 200 OK
      X-Ratelimit-Limit:
      - '5000'
      X-Ratelimit-Remaining:
      - '4994'
      X-Ratelimit-Reset:
      - '1562893915'
      Cache-Control:
      - private, max-age=60, s-maxage=60
      Vary:
      - Accept, Authorization, Cookie, X-GitHub-OTP
      - Accept-Encoding
      Etag:
      - W/"2cb8a82e98751c79d91daec999a32378"
      X-Oauth-Scopes:
      - ''
      X-Accepted-Oauth-Scopes:
      - ''
      X-Github-Media-Type:
      - github.v3; format=json
      Link:
      - <https://api.github.com/user/repos?access_token=<GITHUB_API_KEY>&page=2&per_page=5>;
        rel="next", <https://api.github.com/user/repos?access_token=<GITHUB_API_KEY>&page=15&per_page=5>;
        rel="last"
      Access-Control-Expose-Headers:
      - ETag, Link, Location, Retry-After, X-GitHub-OTP, X-RateLimit-Limit, X-RateLimit-Remaining,
        X-RateLimit-Reset, X-OAuth-Scopes, X-Accepted-OAuth-Scopes, X-Poll-Interval,
        X-GitHub-Media-Type
      Access-Control-Allow-Origin:
      - "*"
      Strict-Transport-Security:
      - max-age=31536000; includeSubdomains; preload
      X-Frame-Options:
      - deny
      X-Content-Type-Options:
      - nosniff
      X-Xss-Protection:
      - 1; mode=block
      Referrer-Policy:
      - origin-when-cross-origin, strict-origin-when-cross-origin
      Content-Security-Policy:
      - default-src 'none'
      X-Github-Request-Id:
      - E708:4B04:1D2688:2AEF0E:5D27D04E
    body:
      encoding: ASCII-8BIT
      string: '[{"id":194746869,"node_id":"MDEwOlJlcG9zaXRvcnkxOTQ3NDY4Njk=","name":"brownfield-of-dreams","full_name":"chakeresa/brownfield-of-dreams","private":false,"owner":{"login":"chakeresa","id":<GITHUB_UID>,"node_id":"MDQ6VXNlcjQ3MzA5ODYx","avatar_url":"https://avatars2.githubusercontent.com/u/<GITHUB_UID>?v=4","gravatar_id":"","url":"https://api.github.com/users/chakeresa","html_url":"https://github.com/chakeresa","followers_url":"https://api.github.com/users/chakeresa/followers","following_url":"https://api.github.com/users/chakeresa/following{/other_user}","gists_url":"https://api.github.com/users/chakeresa/gists{/gist_id}","starred_url":"https://api.github.com/users/chakeresa/starred{/owner}{/repo}","subscriptions_url":"https://api.github.com/users/chakeresa/subscriptions","organizations_url":"https://api.github.com/users/chakeresa/orgs","repos_url":"https://api.github.com/users/chakeresa/repos","events_url":"https://api.github.com/users/chakeresa/events{/privacy}","received_events_url":"https://api.github.com/users/chakeresa/received_events","type":"User","site_admin":false},"html_url":"https://github.com/chakeresa/brownfield-of-dreams","description":"Rails
        app used for hosting video tutorials and classes. Serves as the base repository
        for a B3 project.","fork":true,"url":"https://api.github.com/repos/chakeresa/brownfield-of-dreams","forks_url":"https://api.github.com/repos/chakeresa/brownfield-of-dreams/forks","keys_url":"https://api.github.com/repos/chakeresa/brownfield-of-dreams/keys{/key_id}","collaborators_url":"https://api.github.com/repos/chakeresa/brownfield-of-dreams/collaborators{/collaborator}","teams_url":"https://api.github.com/repos/chakeresa/brownfield-of-dreams/teams","hooks_url":"https://api.github.com/repos/chakeresa/brownfield-of-dreams/hooks","issue_events_url":"https://api.github.com/repos/chakeresa/brownfield-of-dreams/issues/events{/number}","events_url":"https://api.github.com/repos/chakeresa/brownfield-of-dreams/events","assignees_url":"https://api.github.com/repos/chakeresa/brownfield-of-dreams/assignees{/user}","branches_url":"https://api.github.com/repos/chakeresa/brownfield-of-dreams/branches{/branch}","tags_url":"https://api.github.com/repos/chakeresa/brownfield-of-dreams/tags","blobs_url":"https://api.github.com/repos/chakeresa/brownfield-of-dreams/git/blobs{/sha}","git_tags_url":"https://api.github.com/repos/chakeresa/brownfield-of-dreams/git/tags{/sha}","git_refs_url":"https://api.github.com/repos/chakeresa/brownfield-of-dreams/git/refs{/sha}","trees_url":"https://api.github.com/repos/chakeresa/brownfield-of-dreams/git/trees{/sha}","statuses_url":"https://api.github.com/repos/chakeresa/brownfield-of-dreams/statuses/{sha}","languages_url":"https://api.github.com/repos/chakeresa/brownfield-of-dreams/languages","stargazers_url":"https://api.github.com/repos/chakeresa/brownfield-of-dreams/stargazers","contributors_url":"https://api.github.com/repos/chakeresa/brownfield-of-dreams/contributors","subscribers_url":"https://api.github.com/repos/chakeresa/brownfield-of-dreams/subscribers","subscription_url":"https://api.github.com/repos/chakeresa/brownfield-of-dreams/subscription","commits_url":"https://api.github.com/repos/chakeresa/brownfield-of-dreams/commits{/sha}","git_commits_url":"https://api.github.com/repos/chakeresa/brownfield-of-dreams/git/commits{/sha}","comments_url":"https://api.github.com/repos/chakeresa/brownfield-of-dreams/comments{/number}","issue_comment_url":"https://api.github.com/repos/chakeresa/brownfield-of-dreams/issues/comments{/number}","contents_url":"https://api.github.com/repos/chakeresa/brownfield-of-dreams/contents/{+path}","compare_url":"https://api.github.com/repos/chakeresa/brownfield-of-dreams/compare/{base}...{head}","merges_url":"https://api.github.com/repos/chakeresa/brownfield-of-dreams/merges","archive_url":"https://api.github.com/repos/chakeresa/brownfield-of-dreams/{archive_format}{/ref}","downloads_url":"https://api.github.com/repos/chakeresa/brownfield-of-dreams/downloads","issues_url":"https://api.github.com/repos/chakeresa/brownfield-of-dreams/issues{/number}","pulls_url":"https://api.github.com/repos/chakeresa/brownfield-of-dreams/pulls{/number}","milestones_url":"https://api.github.com/repos/chakeresa/brownfield-of-dreams/milestones{/number}","notifications_url":"https://api.github.com/repos/chakeresa/brownfield-of-dreams/notifications{?since,all,participating}","labels_url":"https://api.github.com/repos/chakeresa/brownfield-of-dreams/labels{/name}","releases_url":"https://api.github.com/repos/chakeresa/brownfield-of-dreams/releases{/id}","deployments_url":"https://api.github.com/repos/chakeresa/brownfield-of-dreams/deployments","created_at":"2019-07-01T21:43:22Z","updated_at":"2019-07-11T20:54:44Z","pushed_at":"2019-07-12T00:01:23Z","git_url":"git://github.com/chakeresa/brownfield-of-dreams.git","ssh_url":"git@github.com:chakeresa/brownfield-of-dreams.git","clone_url":"https://github.com/chakeresa/brownfield-of-dreams.git","svn_url":"https://github.com/chakeresa/brownfield-of-dreams","homepage":"","size":7735,"stargazers_count":2,"watchers_count":2,"language":"JavaScript","has_issues":true,"has_projects":true,"has_downloads":true,"has_wiki":true,"has_pages":false,"forks_count":0,"mirror_url":null,"archived":false,"disabled":false,"open_issues_count":6,"license":null,"forks":0,"open_issues":6,"watchers":2,"default_branch":"master","permissions":{"admin":false,"push":true,"pull":true}},{"id":168045397,"node_id":"MDEwOlJlcG9zaXRvcnkxNjgwNDUzOTc=","name":"battleship","full_name":"jalena-penaligon/battleship","private":false,"owner":{"login":"jalena-penaligon","id":45905026,"node_id":"MDQ6VXNlcjQ1OTA1MDI2","avatar_url":"https://avatars0.githubusercontent.com/u/45905026?v=4","gravatar_id":"","url":"https://api.github.com/users/jalena-penaligon","html_url":"https://github.com/jalena-penaligon","followers_url":"https://api.github.com/users/jalena-penaligon/followers","following_url":"https://api.github.com/users/jalena-penaligon/following{/other_user}","gists_url":"https://api.github.com/users/jalena-penaligon/gists{/gist_id}","starred_url":"https://api.github.com/users/jalena-penaligon/starred{/owner}{/repo}","subscriptions_url":"https://api.github.com/users/jalena-penaligon/subscriptions","organizations_url":"https://api.github.com/users/jalena-penaligon/orgs","repos_url":"https://api.github.com/users/jalena-penaligon/repos","events_url":"https://api.github.com/users/jalena-penaligon/events{/privacy}","received_events_url":"https://api.github.com/users/jalena-penaligon/received_events","type":"User","site_admin":false},"html_url":"https://github.com/jalena-penaligon/battleship","description":null,"fork":false,"url":"https://api.github.com/repos/jalena-penaligon/battleship","forks_url":"https://api.github.com/repos/jalena-penaligon/battleship/forks","keys_url":"https://api.github.com/repos/jalena-penaligon/battleship/keys{/key_id}","collaborators_url":"https://api.github.com/repos/jalena-penaligon/battleship/collaborators{/collaborator}","teams_url":"https://api.github.com/repos/jalena-penaligon/battleship/teams","hooks_url":"https://api.github.com/repos/jalena-penaligon/battleship/hooks","issue_events_url":"https://api.github.com/repos/jalena-penaligon/battleship/issues/events{/number}","events_url":"https://api.github.com/repos/jalena-penaligon/battleship/events","assignees_url":"https://api.github.com/repos/jalena-penaligon/battleship/assignees{/user}","branches_url":"https://api.github.com/repos/jalena-penaligon/battleship/branches{/branch}","tags_url":"https://api.github.com/repos/jalena-penaligon/battleship/tags","blobs_url":"https://api.github.com/repos/jalena-penaligon/battleship/git/blobs{/sha}","git_tags_url":"https://api.github.com/repos/jalena-penaligon/battleship/git/tags{/sha}","git_refs_url":"https://api.github.com/repos/jalena-penaligon/battleship/git/refs{/sha}","trees_url":"https://api.github.com/repos/jalena-penaligon/battleship/git/trees{/sha}","statuses_url":"https://api.github.com/repos/jalena-penaligon/battleship/statuses/{sha}","languages_url":"https://api.github.com/repos/jalena-penaligon/battleship/languages","stargazers_url":"https://api.github.com/repos/jalena-penaligon/battleship/stargazers","contributors_url":"https://api.github.com/repos/jalena-penaligon/battleship/contributors","subscribers_url":"https://api.github.com/repos/jalena-penaligon/battleship/subscribers","subscription_url":"https://api.github.com/repos/jalena-penaligon/battleship/subscription","commits_url":"https://api.github.com/repos/jalena-penaligon/battleship/commits{/sha}","git_commits_url":"https://api.github.com/repos/jalena-penaligon/battleship/git/commits{/sha}","comments_url":"https://api.github.com/repos/jalena-penaligon/battleship/comments{/number}","issue_comment_url":"https://api.github.com/repos/jalena-penaligon/battleship/issues/comments{/number}","contents_url":"https://api.github.com/repos/jalena-penaligon/battleship/contents/{+path}","compare_url":"https://api.github.com/repos/jalena-penaligon/battleship/compare/{base}...{head}","merges_url":"https://api.github.com/repos/jalena-penaligon/battleship/merges","archive_url":"https://api.github.com/repos/jalena-penaligon/battleship/{archive_format}{/ref}","downloads_url":"https://api.github.com/repos/jalena-penaligon/battleship/downloads","issues_url":"https://api.github.com/repos/jalena-penaligon/battleship/issues{/number}","pulls_url":"https://api.github.com/repos/jalena-penaligon/battleship/pulls{/number}","milestones_url":"https://api.github.com/repos/jalena-penaligon/battleship/milestones{/number}","notifications_url":"https://api.github.com/repos/jalena-penaligon/battleship/notifications{?since,all,participating}","labels_url":"https://api.github.com/repos/jalena-penaligon/battleship/labels{/name}","releases_url":"https://api.github.com/repos/jalena-penaligon/battleship/releases{/id}","deployments_url":"https://api.github.com/repos/jalena-penaligon/battleship/deployments","created_at":"2019-01-28T22:04:39Z","updated_at":"2019-02-06T19:57:18Z","pushed_at":"2019-02-06T19:57:17Z","git_url":"git://github.com/jalena-penaligon/battleship.git","ssh_url":"git@github.com:jalena-penaligon/battleship.git","clone_url":"https://github.com/jalena-penaligon/battleship.git","svn_url":"https://github.com/jalena-penaligon/battleship","homepage":null,"size":59,"stargazers_count":0,"watchers_count":0,"language":"Ruby","has_issues":true,"has_projects":true,"has_downloads":true,"has_wiki":true,"has_pages":false,"forks_count":0,"mirror_url":null,"archived":false,"disabled":false,"open_issues_count":1,"license":null,"forks":0,"open_issues":1,"watchers":0,"default_branch":"master","permissions":{"admin":false,"push":true,"pull":true}},{"id":176382436,"node_id":"MDEwOlJlcG9zaXRvcnkxNzYzODI0MzY=","name":"Battleship_project","full_name":"kylecornelissen/Battleship_project","private":false,"owner":{"login":"kylecornelissen","id":46171611,"node_id":"MDQ6VXNlcjQ2MTcxNjEx","avatar_url":"https://avatars2.githubusercontent.com/u/46171611?v=4","gravatar_id":"","url":"https://api.github.com/users/kylecornelissen","html_url":"https://github.com/kylecornelissen","followers_url":"https://api.github.com/users/kylecornelissen/followers","following_url":"https://api.github.com/users/kylecornelissen/following{/other_user}","gists_url":"https://api.github.com/users/kylecornelissen/gists{/gist_id}","starred_url":"https://api.github.com/users/kylecornelissen/starred{/owner}{/repo}","subscriptions_url":"https://api.github.com/users/kylecornelissen/subscriptions","organizations_url":"https://api.github.com/users/kylecornelissen/orgs","repos_url":"https://api.github.com/users/kylecornelissen/repos","events_url":"https://api.github.com/users/kylecornelissen/events{/privacy}","received_events_url":"https://api.github.com/users/kylecornelissen/received_events","type":"User","site_admin":false},"html_url":"https://github.com/kylecornelissen/Battleship_project","description":null,"fork":false,"url":"https://api.github.com/repos/kylecornelissen/Battleship_project","forks_url":"https://api.github.com/repos/kylecornelissen/Battleship_project/forks","keys_url":"https://api.github.com/repos/kylecornelissen/Battleship_project/keys{/key_id}","collaborators_url":"https://api.github.com/repos/kylecornelissen/Battleship_project/collaborators{/collaborator}","teams_url":"https://api.github.com/repos/kylecornelissen/Battleship_project/teams","hooks_url":"https://api.github.com/repos/kylecornelissen/Battleship_project/hooks","issue_events_url":"https://api.github.com/repos/kylecornelissen/Battleship_project/issues/events{/number}","events_url":"https://api.github.com/repos/kylecornelissen/Battleship_project/events","assignees_url":"https://api.github.com/repos/kylecornelissen/Battleship_project/assignees{/user}","branches_url":"https://api.github.com/repos/kylecornelissen/Battleship_project/branches{/branch}","tags_url":"https://api.github.com/repos/kylecornelissen/Battleship_project/tags","blobs_url":"https://api.github.com/repos/kylecornelissen/Battleship_project/git/blobs{/sha}","git_tags_url":"https://api.github.com/repos/kylecornelissen/Battleship_project/git/tags{/sha}","git_refs_url":"https://api.github.com/repos/kylecornelissen/Battleship_project/git/refs{/sha}","trees_url":"https://api.github.com/repos/kylecornelissen/Battleship_project/git/trees{/sha}","statuses_url":"https://api.github.com/repos/kylecornelissen/Battleship_project/statuses/{sha}","languages_url":"https://api.github.com/repos/kylecornelissen/Battleship_project/languages","stargazers_url":"https://api.github.com/repos/kylecornelissen/Battleship_project/stargazers","contributors_url":"https://api.github.com/repos/kylecornelissen/Battleship_project/contributors","subscribers_url":"https://api.github.com/repos/kylecornelissen/Battleship_project/subscribers","subscription_url":"https://api.github.com/repos/kylecornelissen/Battleship_project/subscription","commits_url":"https://api.github.com/repos/kylecornelissen/Battleship_project/commits{/sha}","git_commits_url":"https://api.github.com/repos/kylecornelissen/Battleship_project/git/commits{/sha}","comments_url":"https://api.github.com/repos/kylecornelissen/Battleship_project/comments{/number}","issue_comment_url":"https://api.github.com/repos/kylecornelissen/Battleship_project/issues/comments{/number}","contents_url":"https://api.github.com/repos/kylecornelissen/Battleship_project/contents/{+path}","compare_url":"https://api.github.com/repos/kylecornelissen/Battleship_project/compare/{base}...{head}","merges_url":"https://api.github.com/repos/kylecornelissen/Battleship_project/merges","archive_url":"https://api.github.com/repos/kylecornelissen/Battleship_project/{archive_format}{/ref}","downloads_url":"https://api.github.com/repos/kylecornelissen/Battleship_project/downloads","issues_url":"https://api.github.com/repos/kylecornelissen/Battleship_project/issues{/number}","pulls_url":"https://api.github.com/repos/kylecornelissen/Battleship_project/pulls{/number}","milestones_url":"https://api.github.com/repos/kylecornelissen/Battleship_project/milestones{/number}","notifications_url":"https://api.github.com/repos/kylecornelissen/Battleship_project/notifications{?since,all,participating}","labels_url":"https://api.github.com/repos/kylecornelissen/Battleship_project/labels{/name}","releases_url":"https://api.github.com/repos/kylecornelissen/Battleship_project/releases{/id}","deployments_url":"https://api.github.com/repos/kylecornelissen/Battleship_project/deployments","created_at":"2019-03-18T22:57:32Z","updated_at":"2019-03-28T02:16:44Z","pushed_at":"2019-03-28T02:16:43Z","git_url":"git://github.com/kylecornelissen/Battleship_project.git","ssh_url":"git@github.com:kylecornelissen/Battleship_project.git","clone_url":"https://github.com/kylecornelissen/Battleship_project.git","svn_url":"https://github.com/kylecornelissen/Battleship_project","homepage":null,"size":73,"stargazers_count":0,"watchers_count":0,"language":"Ruby","has_issues":true,"has_projects":true,"has_downloads":true,"has_wiki":true,"has_pages":false,"forks_count":0,"mirror_url":null,"archived":false,"disabled":false,"open_issues_count":0,"license":null,"forks":0,"open_issues":0,"watchers":0,"default_branch":"master","permissions":{"admin":false,"push":true,"pull":true}},{"id":181714029,"node_id":"MDEwOlJlcG9zaXRvcnkxODE3MTQwMjk=","name":"1903_final","full_name":"MillsProvosty/1903_final","private":false,"owner":{"login":"MillsProvosty","id":45856797,"node_id":"MDQ6VXNlcjQ1ODU2Nzk3","avatar_url":"https://avatars3.githubusercontent.com/u/45856797?v=4","gravatar_id":"","url":"https://api.github.com/users/MillsProvosty","html_url":"https://github.com/MillsProvosty","followers_url":"https://api.github.com/users/MillsProvosty/followers","following_url":"https://api.github.com/users/MillsProvosty/following{/other_user}","gists_url":"https://api.github.com/users/MillsProvosty/gists{/gist_id}","starred_url":"https://api.github.com/users/MillsProvosty/starred{/owner}{/repo}","subscriptions_url":"https://api.github.com/users/MillsProvosty/subscriptions","organizations_url":"https://api.github.com/users/MillsProvosty/orgs","repos_url":"https://api.github.com/users/MillsProvosty/repos","events_url":"https://api.github.com/users/MillsProvosty/events{/privacy}","received_events_url":"https://api.github.com/users/MillsProvosty/received_events","type":"User","site_admin":false},"html_url":"https://github.com/MillsProvosty/1903_final","description":null,"fork":true,"url":"https://api.github.com/repos/MillsProvosty/1903_final","forks_url":"https://api.github.com/repos/MillsProvosty/1903_final/forks","keys_url":"https://api.github.com/repos/MillsProvosty/1903_final/keys{/key_id}","collaborators_url":"https://api.github.com/repos/MillsProvosty/1903_final/collaborators{/collaborator}","teams_url":"https://api.github.com/repos/MillsProvosty/1903_final/teams","hooks_url":"https://api.github.com/repos/MillsProvosty/1903_final/hooks","issue_events_url":"https://api.github.com/repos/MillsProvosty/1903_final/issues/events{/number}","events_url":"https://api.github.com/repos/MillsProvosty/1903_final/events","assignees_url":"https://api.github.com/repos/MillsProvosty/1903_final/assignees{/user}","branches_url":"https://api.github.com/repos/MillsProvosty/1903_final/branches{/branch}","tags_url":"https://api.github.com/repos/MillsProvosty/1903_final/tags","blobs_url":"https://api.github.com/repos/MillsProvosty/1903_final/git/blobs{/sha}","git_tags_url":"https://api.github.com/repos/MillsProvosty/1903_final/git/tags{/sha}","git_refs_url":"https://api.github.com/repos/MillsProvosty/1903_final/git/refs{/sha}","trees_url":"https://api.github.com/repos/MillsProvosty/1903_final/git/trees{/sha}","statuses_url":"https://api.github.com/repos/MillsProvosty/1903_final/statuses/{sha}","languages_url":"https://api.github.com/repos/MillsProvosty/1903_final/languages","stargazers_url":"https://api.github.com/repos/MillsProvosty/1903_final/stargazers","contributors_url":"https://api.github.com/repos/MillsProvosty/1903_final/contributors","subscribers_url":"https://api.github.com/repos/MillsProvosty/1903_final/subscribers","subscription_url":"https://api.github.com/repos/MillsProvosty/1903_final/subscription","commits_url":"https://api.github.com/repos/MillsProvosty/1903_final/commits{/sha}","git_commits_url":"https://api.github.com/repos/MillsProvosty/1903_final/git/commits{/sha}","comments_url":"https://api.github.com/repos/MillsProvosty/1903_final/comments{/number}","issue_comment_url":"https://api.github.com/repos/MillsProvosty/1903_final/issues/comments{/number}","contents_url":"https://api.github.com/repos/MillsProvosty/1903_final/contents/{+path}","compare_url":"https://api.github.com/repos/MillsProvosty/1903_final/compare/{base}...{head}","merges_url":"https://api.github.com/repos/MillsProvosty/1903_final/merges","archive_url":"https://api.github.com/repos/MillsProvosty/1903_final/{archive_format}{/ref}","downloads_url":"https://api.github.com/repos/MillsProvosty/1903_final/downloads","issues_url":"https://api.github.com/repos/MillsProvosty/1903_final/issues{/number}","pulls_url":"https://api.github.com/repos/MillsProvosty/1903_final/pulls{/number}","milestones_url":"https://api.github.com/repos/MillsProvosty/1903_final/milestones{/number}","notifications_url":"https://api.github.com/repos/MillsProvosty/1903_final/notifications{?since,all,participating}","labels_url":"https://api.github.com/repos/MillsProvosty/1903_final/labels{/name}","releases_url":"https://api.github.com/repos/MillsProvosty/1903_final/releases{/id}","deployments_url":"https://api.github.com/repos/MillsProvosty/1903_final/deployments","created_at":"2019-04-16T15:11:02Z","updated_at":"2019-04-16T18:10:48Z","pushed_at":"2019-04-16T18:10:46Z","git_url":"git://github.com/MillsProvosty/1903_final.git","ssh_url":"git@github.com:MillsProvosty/1903_final.git","clone_url":"https://github.com/MillsProvosty/1903_final.git","svn_url":"https://github.com/MillsProvosty/1903_final","homepage":null,"size":8,"stargazers_count":0,"watchers_count":0,"language":"Ruby","has_issues":false,"has_projects":true,"has_downloads":true,"has_wiki":true,"has_pages":false,"forks_count":0,"mirror_url":null,"archived":false,"disabled":false,"open_issues_count":0,"license":null,"forks":0,"open_issues":0,"watchers":0,"default_branch":"master","permissions":{"admin":true,"push":true,"pull":true}},{"id":184634926,"node_id":"MDEwOlJlcG9zaXRvcnkxODQ2MzQ5MjY=","name":"activerecord-obstacle-course","full_name":"MillsProvosty/activerecord-obstacle-course","private":false,"owner":{"login":"MillsProvosty","id":45856797,"node_id":"MDQ6VXNlcjQ1ODU2Nzk3","avatar_url":"https://avatars3.githubusercontent.com/u/45856797?v=4","gravatar_id":"","url":"https://api.github.com/users/MillsProvosty","html_url":"https://github.com/MillsProvosty","followers_url":"https://api.github.com/users/MillsProvosty/followers","following_url":"https://api.github.com/users/MillsProvosty/following{/other_user}","gists_url":"https://api.github.com/users/MillsProvosty/gists{/gist_id}","starred_url":"https://api.github.com/users/MillsProvosty/starred{/owner}{/repo}","subscriptions_url":"https://api.github.com/users/MillsProvosty/subscriptions","organizations_url":"https://api.github.com/users/MillsProvosty/orgs","repos_url":"https://api.github.com/users/MillsProvosty/repos","events_url":"https://api.github.com/users/MillsProvosty/events{/privacy}","received_events_url":"https://api.github.com/users/MillsProvosty/received_events","type":"User","site_admin":false},"html_url":"https://github.com/MillsProvosty/activerecord-obstacle-course","description":null,"fork":true,"url":"https://api.github.com/repos/MillsProvosty/activerecord-obstacle-course","forks_url":"https://api.github.com/repos/MillsProvosty/activerecord-obstacle-course/forks","keys_url":"https://api.github.com/repos/MillsProvosty/activerecord-obstacle-course/keys{/key_id}","collaborators_url":"https://api.github.com/repos/MillsProvosty/activerecord-obstacle-course/collaborators{/collaborator}","teams_url":"https://api.github.com/repos/MillsProvosty/activerecord-obstacle-course/teams","hooks_url":"https://api.github.com/repos/MillsProvosty/activerecord-obstacle-course/hooks","issue_events_url":"https://api.github.com/repos/MillsProvosty/activerecord-obstacle-course/issues/events{/number}","events_url":"https://api.github.com/repos/MillsProvosty/activerecord-obstacle-course/events","assignees_url":"https://api.github.com/repos/MillsProvosty/activerecord-obstacle-course/assignees{/user}","branches_url":"https://api.github.com/repos/MillsProvosty/activerecord-obstacle-course/branches{/branch}","tags_url":"https://api.github.com/repos/MillsProvosty/activerecord-obstacle-course/tags","blobs_url":"https://api.github.com/repos/MillsProvosty/activerecord-obstacle-course/git/blobs{/sha}","git_tags_url":"https://api.github.com/repos/MillsProvosty/activerecord-obstacle-course/git/tags{/sha}","git_refs_url":"https://api.github.com/repos/MillsProvosty/activerecord-obstacle-course/git/refs{/sha}","trees_url":"https://api.github.com/repos/MillsProvosty/activerecord-obstacle-course/git/trees{/sha}","statuses_url":"https://api.github.com/repos/MillsProvosty/activerecord-obstacle-course/statuses/{sha}","languages_url":"https://api.github.com/repos/MillsProvosty/activerecord-obstacle-course/languages","stargazers_url":"https://api.github.com/repos/MillsProvosty/activerecord-obstacle-course/stargazers","contributors_url":"https://api.github.com/repos/MillsProvosty/activerecord-obstacle-course/contributors","subscribers_url":"https://api.github.com/repos/MillsProvosty/activerecord-obstacle-course/subscribers","subscription_url":"https://api.github.com/repos/MillsProvosty/activerecord-obstacle-course/subscription","commits_url":"https://api.github.com/repos/MillsProvosty/activerecord-obstacle-course/commits{/sha}","git_commits_url":"https://api.github.com/repos/MillsProvosty/activerecord-obstacle-course/git/commits{/sha}","comments_url":"https://api.github.com/repos/MillsProvosty/activerecord-obstacle-course/comments{/number}","issue_comment_url":"https://api.github.com/repos/MillsProvosty/activerecord-obstacle-course/issues/comments{/number}","contents_url":"https://api.github.com/repos/MillsProvosty/activerecord-obstacle-course/contents/{+path}","compare_url":"https://api.github.com/repos/MillsProvosty/activerecord-obstacle-course/compare/{base}...{head}","merges_url":"https://api.github.com/repos/MillsProvosty/activerecord-obstacle-course/merges","archive_url":"https://api.github.com/repos/MillsProvosty/activerecord-obstacle-course/{archive_format}{/ref}","downloads_url":"https://api.github.com/repos/MillsProvosty/activerecord-obstacle-course/downloads","issues_url":"https://api.github.com/repos/MillsProvosty/activerecord-obstacle-course/issues{/number}","pulls_url":"https://api.github.com/repos/MillsProvosty/activerecord-obstacle-course/pulls{/number}","milestones_url":"https://api.github.com/repos/MillsProvosty/activerecord-obstacle-course/milestones{/number}","notifications_url":"https://api.github.com/repos/MillsProvosty/activerecord-obstacle-course/notifications{?since,all,participating}","labels_url":"https://api.github.com/repos/MillsProvosty/activerecord-obstacle-course/labels{/name}","releases_url":"https://api.github.com/repos/MillsProvosty/activerecord-obstacle-course/releases{/id}","deployments_url":"https://api.github.com/repos/MillsProvosty/activerecord-obstacle-course/deployments","created_at":"2019-05-02T18:53:23Z","updated_at":"2019-05-31T17:00:15Z","pushed_at":"2019-05-31T17:00:14Z","git_url":"git://github.com/MillsProvosty/activerecord-obstacle-course.git","ssh_url":"git@github.com:MillsProvosty/activerecord-obstacle-course.git","clone_url":"https://github.com/MillsProvosty/activerecord-obstacle-course.git","svn_url":"https://github.com/MillsProvosty/activerecord-obstacle-course","homepage":null,"size":54,"stargazers_count":0,"watchers_count":0,"language":"Ruby","has_issues":false,"has_projects":true,"has_downloads":true,"has_wiki":true,"has_pages":false,"forks_count":0,"mirror_url":null,"archived":false,"disabled":false,"open_issues_count":0,"license":null,"forks":0,"open_issues":0,"watchers":0,"default_branch":"master","permissions":{"admin":true,"push":true,"pull":true}}]'
    http_version: 
  recorded_at: Fri, 12 Jul 2019 00:11:42 GMT
- request:
    method: get
    uri: https://api.github.com/user/followers?access_token=<GITHUB_API_KEY>
    body:
      encoding: US-ASCII
      string: ''
    headers:
      User-Agent:
      - Faraday v0.15.4
      Accept-Encoding:
      - gzip;q=1.0,deflate;q=0.6,identity;q=0.3
      Accept:
      - "*/*"
  response:
    status:
      code: 200
      message: OK
    headers:
      Date:
      - Fri, 12 Jul 2019 00:11:59 GMT
      Content-Type:
      - application/json; charset=utf-8
      Transfer-Encoding:
      - chunked
      Server:
      - GitHub.com
      Status:
      - 200 OK
      X-Ratelimit-Limit:
      - '5000'
      X-Ratelimit-Remaining:
      - '4993'
      X-Ratelimit-Reset:
      - '1562893915'
      Cache-Control:
      - private, max-age=60, s-maxage=60
      Vary:
      - Accept, Authorization, Cookie, X-GitHub-OTP
      - Accept-Encoding
      Etag:
      - W/"de3cc92700f1038013e3888d075e7b40"
      X-Oauth-Scopes:
      - ''
      X-Accepted-Oauth-Scopes:
      - ''
      X-Github-Media-Type:
      - github.v3; format=json
      Access-Control-Expose-Headers:
      - ETag, Link, Location, Retry-After, X-GitHub-OTP, X-RateLimit-Limit, X-RateLimit-Remaining,
        X-RateLimit-Reset, X-OAuth-Scopes, X-Accepted-OAuth-Scopes, X-Poll-Interval,
        X-GitHub-Media-Type
      Access-Control-Allow-Origin:
      - "*"
      Strict-Transport-Security:
      - max-age=31536000; includeSubdomains; preload
      X-Frame-Options:
      - deny
      X-Content-Type-Options:
      - nosniff
      X-Xss-Protection:
      - 1; mode=block
      Referrer-Policy:
      - origin-when-cross-origin, strict-origin-when-cross-origin
      Content-Security-Policy:
      - default-src 'none'
      X-Github-Request-Id:
      - E709:7469:CAC10:127BAC:5D27D04F
    body:
      encoding: ASCII-8BIT
      string: '[{"login":"kylecornelissen","id":46171611,"node_id":"MDQ6VXNlcjQ2MTcxNjEx","avatar_url":"https://avatars2.githubusercontent.com/u/46171611?v=4","gravatar_id":"","url":"https://api.github.com/users/kylecornelissen","html_url":"https://github.com/kylecornelissen","followers_url":"https://api.github.com/users/kylecornelissen/followers","following_url":"https://api.github.com/users/kylecornelissen/following{/other_user}","gists_url":"https://api.github.com/users/kylecornelissen/gists{/gist_id}","starred_url":"https://api.github.com/users/kylecornelissen/starred{/owner}{/repo}","subscriptions_url":"https://api.github.com/users/kylecornelissen/subscriptions","organizations_url":"https://api.github.com/users/kylecornelissen/orgs","repos_url":"https://api.github.com/users/kylecornelissen/repos","events_url":"https://api.github.com/users/kylecornelissen/events{/privacy}","received_events_url":"https://api.github.com/users/kylecornelissen/received_events","type":"User","site_admin":false},{"login":"bplantico","id":43261385,"node_id":"MDQ6VXNlcjQzMjYxMzg1","avatar_url":"https://avatars3.githubusercontent.com/u/43261385?v=4","gravatar_id":"","url":"https://api.github.com/users/bplantico","html_url":"https://github.com/bplantico","followers_url":"https://api.github.com/users/bplantico/followers","following_url":"https://api.github.com/users/bplantico/following{/other_user}","gists_url":"https://api.github.com/users/bplantico/gists{/gist_id}","starred_url":"https://api.github.com/users/bplantico/starred{/owner}{/repo}","subscriptions_url":"https://api.github.com/users/bplantico/subscriptions","organizations_url":"https://api.github.com/users/bplantico/orgs","repos_url":"https://api.github.com/users/bplantico/repos","events_url":"https://api.github.com/users/bplantico/events{/privacy}","received_events_url":"https://api.github.com/users/bplantico/received_events","type":"User","site_admin":false},{"login":"ryanmillergm","id":42855291,"node_id":"MDQ6VXNlcjQyODU1Mjkx","avatar_url":"https://avatars0.githubusercontent.com/u/42855291?v=4","gravatar_id":"","url":"https://api.github.com/users/ryanmillergm","html_url":"https://github.com/ryanmillergm","followers_url":"https://api.github.com/users/ryanmillergm/followers","following_url":"https://api.github.com/users/ryanmillergm/following{/other_user}","gists_url":"https://api.github.com/users/ryanmillergm/gists{/gist_id}","starred_url":"https://api.github.com/users/ryanmillergm/starred{/owner}{/repo}","subscriptions_url":"https://api.github.com/users/ryanmillergm/subscriptions","organizations_url":"https://api.github.com/users/ryanmillergm/orgs","repos_url":"https://api.github.com/users/ryanmillergm/repos","events_url":"https://api.github.com/users/ryanmillergm/events{/privacy}","received_events_url":"https://api.github.com/users/ryanmillergm/received_events","type":"User","site_admin":false},{"login":"n-flint","id":34421236,"node_id":"MDQ6VXNlcjM0NDIxMjM2","avatar_url":"https://avatars3.githubusercontent.com/u/34421236?v=4","gravatar_id":"","url":"https://api.github.com/users/n-flint","html_url":"https://github.com/n-flint","followers_url":"https://api.github.com/users/n-flint/followers","following_url":"https://api.github.com/users/n-flint/following{/other_user}","gists_url":"https://api.github.com/users/n-flint/gists{/gist_id}","starred_url":"https://api.github.com/users/n-flint/starred{/owner}{/repo}","subscriptions_url":"https://api.github.com/users/n-flint/subscriptions","organizations_url":"https://api.github.com/users/n-flint/orgs","repos_url":"https://api.github.com/users/n-flint/repos","events_url":"https://api.github.com/users/n-flint/events{/privacy}","received_events_url":"https://api.github.com/users/n-flint/received_events","type":"User","site_admin":false},{"login":"chakeresa","id":<GITHUB_UID>,"node_id":"MDQ6VXNlcjQ3MzA5ODYx","avatar_url":"https://avatars2.githubusercontent.com/u/<GITHUB_UID>?v=4","gravatar_id":"","url":"https://api.github.com/users/chakeresa","html_url":"https://github.com/chakeresa","followers_url":"https://api.github.com/users/chakeresa/followers","following_url":"https://api.github.com/users/chakeresa/following{/other_user}","gists_url":"https://api.github.com/users/chakeresa/gists{/gist_id}","starred_url":"https://api.github.com/users/chakeresa/starred{/owner}{/repo}","subscriptions_url":"https://api.github.com/users/chakeresa/subscriptions","organizations_url":"https://api.github.com/users/chakeresa/orgs","repos_url":"https://api.github.com/users/chakeresa/repos","events_url":"https://api.github.com/users/chakeresa/events{/privacy}","received_events_url":"https://api.github.com/users/chakeresa/received_events","type":"User","site_admin":false},{"login":"Mycobee","id":41843577,"node_id":"MDQ6VXNlcjQxODQzNTc3","avatar_url":"https://avatars3.githubusercontent.com/u/41843577?v=4","gravatar_id":"","url":"https://api.github.com/users/Mycobee","html_url":"https://github.com/Mycobee","followers_url":"https://api.github.com/users/Mycobee/followers","following_url":"https://api.github.com/users/Mycobee/following{/other_user}","gists_url":"https://api.github.com/users/Mycobee/gists{/gist_id}","starred_url":"https://api.github.com/users/Mycobee/starred{/owner}{/repo}","subscriptions_url":"https://api.github.com/users/Mycobee/subscriptions","organizations_url":"https://api.github.com/users/Mycobee/orgs","repos_url":"https://api.github.com/users/Mycobee/repos","events_url":"https://api.github.com/users/Mycobee/events{/privacy}","received_events_url":"https://api.github.com/users/Mycobee/received_events","type":"User","site_admin":false},{"login":"earl-stephens","id":34906415,"node_id":"MDQ6VXNlcjM0OTA2NDE1","avatar_url":"https://avatars1.githubusercontent.com/u/34906415?v=4","gravatar_id":"","url":"https://api.github.com/users/earl-stephens","html_url":"https://github.com/earl-stephens","followers_url":"https://api.github.com/users/earl-stephens/followers","following_url":"https://api.github.com/users/earl-stephens/following{/other_user}","gists_url":"https://api.github.com/users/earl-stephens/gists{/gist_id}","starred_url":"https://api.github.com/users/earl-stephens/starred{/owner}{/repo}","subscriptions_url":"https://api.github.com/users/earl-stephens/subscriptions","organizations_url":"https://api.github.com/users/earl-stephens/orgs","repos_url":"https://api.github.com/users/earl-stephens/repos","events_url":"https://api.github.com/users/earl-stephens/events{/privacy}","received_events_url":"https://api.github.com/users/earl-stephens/received_events","type":"User","site_admin":false}]'
    http_version: 
  recorded_at: Fri, 12 Jul 2019 00:11:42 GMT
- request:
    method: get
    uri: https://api.github.com/user/following?access_token=<GITHUB_API_KEY>
    body:
      encoding: US-ASCII
      string: ''
    headers:
      User-Agent:
      - Faraday v0.15.4
      Accept-Encoding:
      - gzip;q=1.0,deflate;q=0.6,identity;q=0.3
      Accept:
      - "*/*"
  response:
    status:
      code: 200
      message: OK
    headers:
      Date:
      - Fri, 12 Jul 2019 00:12:00 GMT
      Content-Type:
      - application/json; charset=utf-8
      Transfer-Encoding:
      - chunked
      Server:
      - GitHub.com
      Status:
      - 200 OK
      X-Ratelimit-Limit:
      - '5000'
      X-Ratelimit-Remaining:
      - '4992'
      X-Ratelimit-Reset:
      - '1562893915'
      Cache-Control:
      - private, max-age=60, s-maxage=60
      Vary:
      - Accept, Authorization, Cookie, X-GitHub-OTP
      - Accept-Encoding
      Etag:
      - W/"860bc567e35e6a4bb121ca4217b7420d"
      X-Oauth-Scopes:
      - ''
      X-Accepted-Oauth-Scopes:
      - ''
      X-Github-Media-Type:
      - github.v3; format=json
      Access-Control-Expose-Headers:
      - ETag, Link, Location, Retry-After, X-GitHub-OTP, X-RateLimit-Limit, X-RateLimit-Remaining,
        X-RateLimit-Reset, X-OAuth-Scopes, X-Accepted-OAuth-Scopes, X-Poll-Interval,
        X-GitHub-Media-Type
      Access-Control-Allow-Origin:
      - "*"
      Strict-Transport-Security:
      - max-age=31536000; includeSubdomains; preload
      X-Frame-Options:
      - deny
      X-Content-Type-Options:
      - nosniff
      X-Xss-Protection:
      - 1; mode=block
      Referrer-Policy:
      - origin-when-cross-origin, strict-origin-when-cross-origin
      Content-Security-Policy:
      - default-src 'none'
      X-Github-Request-Id:
      - E70E:129C:1E9895:2C0427:5D27D04F
    body:
      encoding: ASCII-8BIT
      string: '[{"login":"m-mrcr","id":28820023,"node_id":"MDQ6VXNlcjI4ODIwMDIz","avatar_url":"https://avatars3.githubusercontent.com/u/28820023?v=4","gravatar_id":"","url":"https://api.github.com/users/m-mrcr","html_url":"https://github.com/m-mrcr","followers_url":"https://api.github.com/users/m-mrcr/followers","following_url":"https://api.github.com/users/m-mrcr/following{/other_user}","gists_url":"https://api.github.com/users/m-mrcr/gists{/gist_id}","starred_url":"https://api.github.com/users/m-mrcr/starred{/owner}{/repo}","subscriptions_url":"https://api.github.com/users/m-mrcr/subscriptions","organizations_url":"https://api.github.com/users/m-mrcr/orgs","repos_url":"https://api.github.com/users/m-mrcr/repos","events_url":"https://api.github.com/users/m-mrcr/events{/privacy}","received_events_url":"https://api.github.com/users/m-mrcr/received_events","type":"User","site_admin":false},{"login":"earl-stephens","id":34906415,"node_id":"MDQ6VXNlcjM0OTA2NDE1","avatar_url":"https://avatars1.githubusercontent.com/u/34906415?v=4","gravatar_id":"","url":"https://api.github.com/users/earl-stephens","html_url":"https://github.com/earl-stephens","followers_url":"https://api.github.com/users/earl-stephens/followers","following_url":"https://api.github.com/users/earl-stephens/following{/other_user}","gists_url":"https://api.github.com/users/earl-stephens/gists{/gist_id}","starred_url":"https://api.github.com/users/earl-stephens/starred{/owner}{/repo}","subscriptions_url":"https://api.github.com/users/earl-stephens/subscriptions","organizations_url":"https://api.github.com/users/earl-stephens/orgs","repos_url":"https://api.github.com/users/earl-stephens/repos","events_url":"https://api.github.com/users/earl-stephens/events{/privacy}","received_events_url":"https://api.github.com/users/earl-stephens/received_events","type":"User","site_admin":false},{"login":"milevy1","id":36040194,"node_id":"MDQ6VXNlcjM2MDQwMTk0","avatar_url":"https://avatars3.githubusercontent.com/u/36040194?v=4","gravatar_id":"","url":"https://api.github.com/users/milevy1","html_url":"https://github.com/milevy1","followers_url":"https://api.github.com/users/milevy1/followers","following_url":"https://api.github.com/users/milevy1/following{/other_user}","gists_url":"https://api.github.com/users/milevy1/gists{/gist_id}","starred_url":"https://api.github.com/users/milevy1/starred{/owner}{/repo}","subscriptions_url":"https://api.github.com/users/milevy1/subscriptions","organizations_url":"https://api.github.com/users/milevy1/orgs","repos_url":"https://api.github.com/users/milevy1/repos","events_url":"https://api.github.com/users/milevy1/events{/privacy}","received_events_url":"https://api.github.com/users/milevy1/received_events","type":"User","site_admin":false},{"login":"Mycobee","id":41843577,"node_id":"MDQ6VXNlcjQxODQzNTc3","avatar_url":"https://avatars3.githubusercontent.com/u/41843577?v=4","gravatar_id":"","url":"https://api.github.com/users/Mycobee","html_url":"https://github.com/Mycobee","followers_url":"https://api.github.com/users/Mycobee/followers","following_url":"https://api.github.com/users/Mycobee/following{/other_user}","gists_url":"https://api.github.com/users/Mycobee/gists{/gist_id}","starred_url":"https://api.github.com/users/Mycobee/starred{/owner}{/repo}","subscriptions_url":"https://api.github.com/users/Mycobee/subscriptions","organizations_url":"https://api.github.com/users/Mycobee/orgs","repos_url":"https://api.github.com/users/Mycobee/repos","events_url":"https://api.github.com/users/Mycobee/events{/privacy}","received_events_url":"https://api.github.com/users/Mycobee/received_events","type":"User","site_admin":false},{"login":"bplantico","id":43261385,"node_id":"MDQ6VXNlcjQzMjYxMzg1","avatar_url":"https://avatars3.githubusercontent.com/u/43261385?v=4","gravatar_id":"","url":"https://api.github.com/users/bplantico","html_url":"https://github.com/bplantico","followers_url":"https://api.github.com/users/bplantico/followers","following_url":"https://api.github.com/users/bplantico/following{/other_user}","gists_url":"https://api.github.com/users/bplantico/gists{/gist_id}","starred_url":"https://api.github.com/users/bplantico/starred{/owner}{/repo}","subscriptions_url":"https://api.github.com/users/bplantico/subscriptions","organizations_url":"https://api.github.com/users/bplantico/orgs","repos_url":"https://api.github.com/users/bplantico/repos","events_url":"https://api.github.com/users/bplantico/events{/privacy}","received_events_url":"https://api.github.com/users/bplantico/received_events","type":"User","site_admin":false},{"login":"smainar","id":43945779,"node_id":"MDQ6VXNlcjQzOTQ1Nzc5","avatar_url":"https://avatars3.githubusercontent.com/u/43945779?v=4","gravatar_id":"","url":"https://api.github.com/users/smainar","html_url":"https://github.com/smainar","followers_url":"https://api.github.com/users/smainar/followers","following_url":"https://api.github.com/users/smainar/following{/other_user}","gists_url":"https://api.github.com/users/smainar/gists{/gist_id}","starred_url":"https://api.github.com/users/smainar/starred{/owner}{/repo}","subscriptions_url":"https://api.github.com/users/smainar/subscriptions","organizations_url":"https://api.github.com/users/smainar/orgs","repos_url":"https://api.github.com/users/smainar/repos","events_url":"https://api.github.com/users/smainar/events{/privacy}","received_events_url":"https://api.github.com/users/smainar/received_events","type":"User","site_admin":false},{"login":"carriewalsh","id":43975624,"node_id":"MDQ6VXNlcjQzOTc1NjI0","avatar_url":"https://avatars0.githubusercontent.com/u/43975624?v=4","gravatar_id":"","url":"https://api.github.com/users/carriewalsh","html_url":"https://github.com/carriewalsh","followers_url":"https://api.github.com/users/carriewalsh/followers","following_url":"https://api.github.com/users/carriewalsh/following{/other_user}","gists_url":"https://api.github.com/users/carriewalsh/gists{/gist_id}","starred_url":"https://api.github.com/users/carriewalsh/starred{/owner}{/repo}","subscriptions_url":"https://api.github.com/users/carriewalsh/subscriptions","organizations_url":"https://api.github.com/users/carriewalsh/orgs","repos_url":"https://api.github.com/users/carriewalsh/repos","events_url":"https://api.github.com/users/carriewalsh/events{/privacy}","received_events_url":"https://api.github.com/users/carriewalsh/received_events","type":"User","site_admin":false},{"login":"Loomus","id":44850604,"node_id":"MDQ6VXNlcjQ0ODUwNjA0","avatar_url":"https://avatars0.githubusercontent.com/u/44850604?v=4","gravatar_id":"","url":"https://api.github.com/users/Loomus","html_url":"https://github.com/Loomus","followers_url":"https://api.github.com/users/Loomus/followers","following_url":"https://api.github.com/users/Loomus/following{/other_user}","gists_url":"https://api.github.com/users/Loomus/gists{/gist_id}","starred_url":"https://api.github.com/users/Loomus/starred{/owner}{/repo}","subscriptions_url":"https://api.github.com/users/Loomus/subscriptions","organizations_url":"https://api.github.com/users/Loomus/orgs","repos_url":"https://api.github.com/users/Loomus/repos","events_url":"https://api.github.com/users/Loomus/events{/privacy}","received_events_url":"https://api.github.com/users/Loomus/received_events","type":"User","site_admin":false},{"login":"james-cape","id":46202598,"node_id":"MDQ6VXNlcjQ2MjAyNTk4","avatar_url":"https://avatars2.githubusercontent.com/u/46202598?v=4","gravatar_id":"","url":"https://api.github.com/users/james-cape","html_url":"https://github.com/james-cape","followers_url":"https://api.github.com/users/james-cape/followers","following_url":"https://api.github.com/users/james-cape/following{/other_user}","gists_url":"https://api.github.com/users/james-cape/gists{/gist_id}","starred_url":"https://api.github.com/users/james-cape/starred{/owner}{/repo}","subscriptions_url":"https://api.github.com/users/james-cape/subscriptions","organizations_url":"https://api.github.com/users/james-cape/orgs","repos_url":"https://api.github.com/users/james-cape/repos","events_url":"https://api.github.com/users/james-cape/events{/privacy}","received_events_url":"https://api.github.com/users/james-cape/received_events","type":"User","site_admin":false},{"login":"alexander-mathieu","id":47018937,"node_id":"MDQ6VXNlcjQ3MDE4OTM3","avatar_url":"https://avatars3.githubusercontent.com/u/47018937?v=4","gravatar_id":"","url":"https://api.github.com/users/alexander-mathieu","html_url":"https://github.com/alexander-mathieu","followers_url":"https://api.github.com/users/alexander-mathieu/followers","following_url":"https://api.github.com/users/alexander-mathieu/following{/other_user}","gists_url":"https://api.github.com/users/alexander-mathieu/gists{/gist_id}","starred_url":"https://api.github.com/users/alexander-mathieu/starred{/owner}{/repo}","subscriptions_url":"https://api.github.com/users/alexander-mathieu/subscriptions","organizations_url":"https://api.github.com/users/alexander-mathieu/orgs","repos_url":"https://api.github.com/users/alexander-mathieu/repos","events_url":"https://api.github.com/users/alexander-mathieu/events{/privacy}","received_events_url":"https://api.github.com/users/alexander-mathieu/received_events","type":"User","site_admin":false},{"login":"chakeresa","id":<GITHUB_UID>,"node_id":"MDQ6VXNlcjQ3MzA5ODYx","avatar_url":"https://avatars2.githubusercontent.com/u/<GITHUB_UID>?v=4","gravatar_id":"","url":"https://api.github.com/users/chakeresa","html_url":"https://github.com/chakeresa","followers_url":"https://api.github.com/users/chakeresa/followers","following_url":"https://api.github.com/users/chakeresa/following{/other_user}","gists_url":"https://api.github.com/users/chakeresa/gists{/gist_id}","starred_url":"https://api.github.com/users/chakeresa/starred{/owner}{/repo}","subscriptions_url":"https://api.github.com/users/chakeresa/subscriptions","organizations_url":"https://api.github.com/users/chakeresa/orgs","repos_url":"https://api.github.com/users/chakeresa/repos","events_url":"https://api.github.com/users/chakeresa/events{/privacy}","received_events_url":"https://api.github.com/users/chakeresa/received_events","type":"User","site_admin":false}]'
    http_version: 
  recorded_at: Fri, 12 Jul 2019 00:11:43 GMT
- request:
    method: get
    uri: https://api.github.com/users/MillsProvosty?access_token=<GITHUB_API_KEY>
    body:
      encoding: US-ASCII
      string: ''
    headers:
      User-Agent:
      - Faraday v0.15.4
      Accept-Encoding:
      - gzip;q=1.0,deflate;q=0.6,identity;q=0.3
      Accept:
      - "*/*"
  response:
    status:
      code: 200
      message: OK
    headers:
      Server:
      - GitHub.com
      Date:
      - Fri, 12 Jul 2019 19:37:32 GMT
      Content-Type:
      - application/json; charset=utf-8
      Transfer-Encoding:
      - chunked
      Status:
      - 200 OK
      X-Ratelimit-Limit:
      - '5000'
      X-Ratelimit-Remaining:
      - '4999'
      X-Ratelimit-Reset:
      - '1562963852'
      Cache-Control:
      - private, max-age=60, s-maxage=60
      Vary:
      - Accept, Authorization, Cookie, X-GitHub-OTP
      Etag:
      - W/"a5dc1860162fafc5c0eaf8d987757d5f"
      Last-Modified:
      - Thu, 11 Jul 2019 23:35:46 GMT
      X-Oauth-Scopes:
      - ''
      X-Accepted-Oauth-Scopes:
      - ''
      X-Github-Media-Type:
      - github.v3; format=json
      Access-Control-Expose-Headers:
      - ETag, Link, Location, Retry-After, X-GitHub-OTP, X-RateLimit-Limit, X-RateLimit-Remaining,
        X-RateLimit-Reset, X-OAuth-Scopes, X-Accepted-OAuth-Scopes, X-Poll-Interval,
        X-GitHub-Media-Type
      Access-Control-Allow-Origin:
      - "*"
      Strict-Transport-Security:
      - max-age=31536000; includeSubdomains; preload
      X-Frame-Options:
      - deny
      X-Content-Type-Options:
      - nosniff
      X-Xss-Protection:
      - 1; mode=block
      Referrer-Policy:
      - origin-when-cross-origin, strict-origin-when-cross-origin
      Content-Security-Policy:
      - default-src 'none'
      X-Github-Request-Id:
      - F565:34BB:11CFA55:2197374:5D28E17C
    body:
      encoding: ASCII-8BIT
      string: '{"login":"MillsProvosty","id":45856797,"node_id":"MDQ6VXNlcjQ1ODU2Nzk3","avatar_url":"https://avatars3.githubusercontent.com/u/45856797?v=4","gravatar_id":"","url":"https://api.github.com/users/MillsProvosty","html_url":"https://github.com/MillsProvosty","followers_url":"https://api.github.com/users/MillsProvosty/followers","following_url":"https://api.github.com/users/MillsProvosty/following{/other_user}","gists_url":"https://api.github.com/users/MillsProvosty/gists{/gist_id}","starred_url":"https://api.github.com/users/MillsProvosty/starred{/owner}{/repo}","subscriptions_url":"https://api.github.com/users/MillsProvosty/subscriptions","organizations_url":"https://api.github.com/users/MillsProvosty/orgs","repos_url":"https://api.github.com/users/MillsProvosty/repos","events_url":"https://api.github.com/users/MillsProvosty/events{/privacy}","received_events_url":"https://api.github.com/users/MillsProvosty/received_events","type":"User","site_admin":false,"name":"Mills
        Provosty","company":null,"blog":"","location":"Denver, Co","email":null,"hireable":true,"bio":null,"public_repos":67,"public_gists":16,"followers":7,"following":11,"created_at":"2018-12-13T17:49:09Z","updated_at":"2019-07-11T23:35:46Z"}'
    http_version: 
  recorded_at: Fri, 12 Jul 2019 19:37:13 GMT
recorded_with: VCR 5.0.0
